Component: ARM Compiler 5.06 update 6 (build 750) Tool: armlink [4d35ed]

==============================================================================

Section Cross References

    startup_stm32f40_41xxx.o(STACK) refers (Special) to heapauxi.o(.text) for __use_two_region_memory
    startup_stm32f40_41xxx.o(HEAP) refers (Special) to heapauxi.o(.text) for __use_two_region_memory
    startup_stm32f40_41xxx.o(RESET) refers (Special) to heapauxi.o(.text) for __use_two_region_memory
    startup_stm32f40_41xxx.o(RESET) refers to startup_stm32f40_41xxx.o(STACK) for __initial_sp
    startup_stm32f40_41xxx.o(RESET) refers to startup_stm32f40_41xxx.o(.text) for Reset_Handler
    startup_stm32f40_41xxx.o(RESET) refers to stm32f4xx_it.o(i.NMI_Handler) for NMI_Handler
    startup_stm32f40_41xxx.o(RESET) refers to stm32f4xx_it.o(i.HardFault_Handler) for HardFault_Handler
    startup_stm32f40_41xxx.o(RESET) refers to stm32f4xx_it.o(i.MemManage_Handler) for MemManage_Handler
    startup_stm32f40_41xxx.o(RESET) refers to stm32f4xx_it.o(i.BusFault_Handler) for BusFault_Handler
    startup_stm32f40_41xxx.o(RESET) refers to stm32f4xx_it.o(i.UsageFault_Handler) for UsageFault_Handler
    startup_stm32f40_41xxx.o(RESET) refers to stm32f4xx_it.o(i.SVC_Handler) for SVC_Handler
    startup_stm32f40_41xxx.o(RESET) refers to stm32f4xx_it.o(i.DebugMon_Handler) for DebugMon_Handler
    startup_stm32f40_41xxx.o(RESET) refers to stm32f4xx_it.o(i.PendSV_Handler) for PendSV_Handler
    startup_stm32f40_41xxx.o(RESET) refers to stm32f4xx_it.o(i.SysTick_Handler) for SysTick_Handler
    startup_stm32f40_41xxx.o(RESET) refers to usart.o(i.USART1_IRQHandler) for USART1_IRQHandler
    startup_stm32f40_41xxx.o(.text) refers (Special) to heapauxi.o(.text) for __use_two_region_memory
    startup_stm32f40_41xxx.o(.text) refers to system_stm32f4xx.o(i.SystemInit) for SystemInit
    startup_stm32f40_41xxx.o(.text) refers to __main.o(!!!main) for __main
    startup_stm32f40_41xxx.o(.text) refers to startup_stm32f40_41xxx.o(HEAP) for Heap_Mem
    startup_stm32f40_41xxx.o(.text) refers to startup_stm32f40_41xxx.o(STACK) for Stack_Mem
    main.o(i.main) refers to misc.o(i.NVIC_PriorityGroupConfig) for NVIC_PriorityGroupConfig
    main.o(i.main) refers to delay.o(i.delay_init) for delay_init
    main.o(i.main) refers to usart.o(i.uart_init) for uart_init
    main.o(i.main) refers to oled.o(i.OLED_Init) for OLED_Init
    main.o(i.main) refers to led.o(i.LED_Init) for LED_Init
    main.o(i.main) refers to key.o(i.KEY_Init) for KEY_Init
    main.o(i.main) refers to cmd_handler.o(i.cmd_handler_init) for cmd_handler_init
    main.o(i.main) refers to control.o(i.control_init) for control_init
    main.o(i.main) refers to key.o(i.KEY_Scan) for KEY_Scan
    main.o(i.main) refers to control.o(i.control_set_enable) for control_set_enable
    main.o(i.main) refers to cmd_handler.o(i.cmd_handler_poll) for cmd_handler_poll
    main.o(i.main) refers to control.o(i.control_update) for control_update
    main.o(i.main) refers to cmd_handler.o(i.cmd_handler_send_feedback) for cmd_handler_send_feedback
    main.o(i.main) refers to delay.o(i.delay_ms) for delay_ms
    system_stm32f4xx.o(i.SystemCoreClockUpdate) refers to system_stm32f4xx.o(.data) for SystemCoreClock
    system_stm32f4xx.o(i.SystemInit) refers to system_stm32f4xx.o(i.SetSysClock) for SetSysClock
    stm32f4xx_adc.o(i.ADC_DeInit) refers to stm32f4xx_rcc.o(i.RCC_APB2PeriphResetCmd) for RCC_APB2PeriphResetCmd
    stm32f4xx_can.o(i.CAN_DeInit) refers to stm32f4xx_rcc.o(i.RCC_APB1PeriphResetCmd) for RCC_APB1PeriphResetCmd
    stm32f4xx_can.o(i.CAN_GetITStatus) refers to stm32f4xx_can.o(i.CheckITStatus) for CheckITStatus
    stm32f4xx_cryp.o(i.CRYP_DeInit) refers to stm32f4xx_rcc.o(i.RCC_AHB2PeriphResetCmd) for RCC_AHB2PeriphResetCmd
    stm32f4xx_cryp_aes.o(i.CRYP_AES_CBC) refers to stm32f4xx_cryp.o(i.CRYP_KeyStructInit) for CRYP_KeyStructInit
    stm32f4xx_cryp_aes.o(i.CRYP_AES_CBC) refers to stm32f4xx_cryp.o(i.CRYP_FIFOFlush) for CRYP_FIFOFlush
    stm32f4xx_cryp_aes.o(i.CRYP_AES_CBC) refers to stm32f4xx_cryp.o(i.CRYP_Init) for CRYP_Init
    stm32f4xx_cryp_aes.o(i.CRYP_AES_CBC) refers to stm32f4xx_cryp.o(i.CRYP_KeyInit) for CRYP_KeyInit
    stm32f4xx_cryp_aes.o(i.CRYP_AES_CBC) refers to stm32f4xx_cryp.o(i.CRYP_Cmd) for CRYP_Cmd
    stm32f4xx_cryp_aes.o(i.CRYP_AES_CBC) refers to stm32f4xx_cryp.o(i.CRYP_GetFlagStatus) for CRYP_GetFlagStatus
    stm32f4xx_cryp_aes.o(i.CRYP_AES_CBC) refers to stm32f4xx_cryp.o(i.CRYP_IVInit) for CRYP_IVInit
    stm32f4xx_cryp_aes.o(i.CRYP_AES_CBC) refers to stm32f4xx_cryp.o(i.CRYP_GetCmdStatus) for CRYP_GetCmdStatus
    stm32f4xx_cryp_aes.o(i.CRYP_AES_CBC) refers to stm32f4xx_cryp.o(i.CRYP_DataIn) for CRYP_DataIn
    stm32f4xx_cryp_aes.o(i.CRYP_AES_CBC) refers to stm32f4xx_cryp.o(i.CRYP_DataOut) for CRYP_DataOut
    stm32f4xx_cryp_aes.o(i.CRYP_AES_CCM) refers to stm32f4xx_cryp.o(i.CRYP_KeyStructInit) for CRYP_KeyStructInit
[...]
    Removing stm32f4xx_tim.o(i.TI1_Config), (58 bytes).
    Removing stm32f4xx_tim.o(i.TI2_Config), (80 bytes).
    Removing stm32f4xx_tim.o(i.TI3_Config), (72 bytes).
    Removing stm32f4xx_tim.o(i.TI4_Config), (80 bytes).
    Removing stm32f4xx_tim.o(i.TIM_ARRPreloadConfig), (24 bytes).
    Removing stm32f4xx_tim.o(i.TIM_BDTRConfig), (32 bytes).
    Removing stm32f4xx_tim.o(i.TIM_BDTRStructInit), (18 bytes).
    Removing stm32f4xx_tim.o(i.TIM_CCPreloadControl), (24 bytes).
    Removing stm32f4xx_tim.o(i.TIM_CCxCmd), (30 bytes).
    Removing stm32f4xx_tim.o(i.TIM_CCxNCmd), (30 bytes).
    Removing stm32f4xx_tim.o(i.TIM_ClearFlag), (6 bytes).
    Removing stm32f4xx_tim.o(i.TIM_ClearITPendingBit), (6 bytes).
    Removing stm32f4xx_tim.o(i.TIM_ClearOC1Ref), (18 bytes).
    Removing stm32f4xx_tim.o(i.TIM_ClearOC2Ref), (24 bytes).
    Removing stm32f4xx_tim.o(i.TIM_ClearOC3Ref), (18 bytes).
    Removing stm32f4xx_tim.o(i.TIM_ClearOC4Ref), (24 bytes).
    Removing stm32f4xx_tim.o(i.TIM_Cmd), (24 bytes).
    Removing stm32f4xx_tim.o(i.TIM_CounterModeConfig), (18 bytes).
    Removing stm32f4xx_tim.o(i.TIM_CtrlPWMOutputs), (30 bytes).
    Removing stm32f4xx_tim.o(i.TIM_DMACmd), (18 bytes).
    Removing stm32f4xx_tim.o(i.TIM_DMAConfig), (10 bytes).
    Removing stm32f4xx_tim.o(i.TIM_DeInit), (400 bytes).
    Removing stm32f4xx_tim.o(i.TIM_ETRClockMode1Config), (54 bytes).
    Removing stm32f4xx_tim.o(i.TIM_ETRClockMode2Config), (32 bytes).
    Removing stm32f4xx_tim.o(i.TIM_ETRConfig), (28 bytes).
    Removing stm32f4xx_tim.o(i.TIM_EncoderInterfaceConfig), (66 bytes).
    Removing stm32f4xx_tim.o(i.TIM_ForcedOC1Config), (18 bytes).
    Removing stm32f4xx_tim.o(i.TIM_ForcedOC2Config), (26 bytes).
    Removing stm32f4xx_tim.o(i.TIM_ForcedOC3Config), (18 bytes).
    Removing stm32f4xx_tim.o(i.TIM_ForcedOC4Config), (26 bytes).
    Removing stm32f4xx_tim.o(i.TIM_GenerateEvent), (4 bytes).
    Removing stm32f4xx_tim.o(i.TIM_GetCapture1), (6 bytes).
    Removing stm32f4xx_tim.o(i.TIM_GetCapture2), (6 bytes).
    Removing stm32f4xx_tim.o(i.TIM_GetCapture3), (6 bytes).
    Removing stm32f4xx_tim.o(i.TIM_GetCapture4), (6 bytes).
    Removing stm32f4xx_tim.o(i.TIM_GetCounter), (6 bytes).
    Removing stm32f4xx_tim.o(i.TIM_GetFlagStatus), (18 bytes).
    Removing stm32f4xx_tim.o(i.TIM_GetITStatus), (34 bytes).
    Removing stm32f4xx_tim.o(i.TIM_GetPrescaler), (6 bytes).
    Removing stm32f4xx_tim.o(i.TIM_ICInit), (110 bytes).
    Removing stm32f4xx_tim.o(i.TIM_ICStructInit), (18 bytes).
    Removing stm32f4xx_tim.o(i.TIM_ITConfig), (18 bytes).
    Removing stm32f4xx_tim.o(i.TIM_ITRxExternalClockConfig), (24 bytes).
    Removing stm32f4xx_tim.o(i.TIM_InternalClockConfig), (12 bytes).
    Removing stm32f4xx_tim.o(i.TIM_OC1FastConfig), (18 bytes).
    Removing stm32f4xx_tim.o(i.TIM_OC1Init), (124 bytes).
    Removing stm32f4xx_tim.o(i.TIM_OC1NPolarityConfig), (18 bytes).
    Removing stm32f4xx_tim.o(i.TIM_OC1PolarityConfig), (18 bytes).
    Removing stm32f4xx_tim.o(i.TIM_OC1PreloadConfig), (18 bytes).
    Removing stm32f4xx_tim.o(i.TIM_OC2FastConfig), (26 bytes).
    Removing stm32f4xx_tim.o(i.TIM_OC2Init), (164 bytes).
    Removing stm32f4xx_tim.o(i.TIM_OC2NPolarityConfig), (26 bytes).
    Removing stm32f4xx_tim.o(i.TIM_OC2PolarityConfig), (26 bytes).
    Removing stm32f4xx_tim.o(i.TIM_OC2PreloadConfig), (26 bytes).
    Removing stm32f4xx_tim.o(i.TIM_OC3FastConfig), (18 bytes).
    Removing stm32f4xx_tim.o(i.TIM_OC3Init), (160 bytes).
    Removing stm32f4xx_tim.o(i.TIM_OC3NPolarityConfig), (26 bytes).
    Removing stm32f4xx_tim.o(i.TIM_OC3PolarityConfig), (26 bytes).
    Removing stm32f4xx_tim.o(i.TIM_OC3PreloadConfig), (18 bytes).
    Removing stm32f4xx_tim.o(i.TIM_OC4FastConfig), (26 bytes).
    Removing stm32f4xx_tim.o(i.TIM_OC4Init), (120 bytes).
    Removing stm32f4xx_tim.o(i.TIM_OC4PolarityConfig), (26 bytes).
    Removing stm32f4xx_tim.o(i.TIM_OC4PreloadConfig), (26 bytes).
    Removing stm32f4xx_tim.o(i.TIM_OCStructInit), (20 bytes).
    Removing stm32f4xx_tim.o(i.TIM_PWMIConfig), (124 bytes).
    Removing stm32f4xx_tim.o(i.TIM_PrescalerConfig), (6 bytes).
    Removing stm32f4xx_tim.o(i.TIM_RemapConfig), (6 bytes).
    Removing stm32f4xx_tim.o(i.TIM_SelectCCDMA), (24 bytes).
    Removing stm32f4xx_tim.o(i.TIM_SelectCOM), (24 bytes).
    Removing stm32f4xx_tim.o(i.TIM_SelectHallSensor), (24 bytes).
    Removing stm32f4xx_tim.o(i.TIM_SelectInputTrigger), (18 bytes).
    Removing stm32f4xx_tim.o(i.TIM_SelectMasterSlaveMode), (18 bytes).
    Removing stm32f4xx_tim.o(i.TIM_SelectOCxM), (86 bytes).
    Removing stm32f4xx_tim.o(i.TIM_SelectOnePulseMode), (18 bytes).
    Removing stm32f4xx_tim.o(i.TIM_SelectOutputTrigger), (18 bytes).
    Removing stm32f4xx_tim.o(i.TIM_SelectSlaveMode), (18 bytes).
    Removing stm32f4xx_tim.o(i.TIM_SetAutoreload), (4 bytes).
    Removing stm32f4xx_tim.o(i.TIM_SetClockDivision), (18 bytes).
    Removing stm32f4xx_tim.o(i.TIM_SetCompare1), (4 bytes).
    Removing stm32f4xx_tim.o(i.TIM_SetCompare2), (4 bytes).
    Removing stm32f4xx_tim.o(i.TIM_SetCompare3), (4 bytes).
    Removing stm32f4xx_tim.o(i.TIM_SetCompare4), (4 bytes).
    Removing stm32f4xx_tim.o(i.TIM_SetCounter), (4 bytes).
    Removing stm32f4xx_tim.o(i.TIM_SetIC1Prescaler), (18 bytes).
    Removing stm32f4xx_tim.o(i.TIM_SetIC2Prescaler), (26 bytes).
    Removing stm32f4xx_tim.o(i.TIM_SetIC3Prescaler), (18 bytes).
    Removing stm32f4xx_tim.o(i.TIM_SetIC4Prescaler), (26 bytes).
    Removing stm32f4xx_tim.o(i.TIM_TIxExternalClockConfig), (62 bytes).
    Removing stm32f4xx_tim.o(i.TIM_TimeBaseInit), (132 bytes).
    Removing stm32f4xx_tim.o(i.TIM_TimeBaseStructInit), (18 bytes).
    Removing stm32f4xx_tim.o(i.TIM_UpdateDisableConfig), (24 bytes).
    Removing stm32f4xx_tim.o(i.TIM_UpdateRequestConfig), (24 bytes).
    Removing stm32f4xx_usart.o(.rev16_text), (4 bytes).
    Removing stm32f4xx_usart.o(.revsh_text), (4 bytes).
    Removing stm32f4xx_usart.o(.rrx_text), (6 bytes).
    Removing stm32f4xx_usart.o(i.USART_ClockInit), (32 bytes).
    Removing stm32f4xx_usart.o(i.USART_ClockStructInit), (12 bytes).
    Removing stm32f4xx_usart.o(i.USART_DMACmd), (18 bytes).
    Removing stm32f4xx_usart.o(i.USART_DeInit), (240 bytes).
    Removing stm32f4xx_usart.o(i.USART_HalfDuplexCmd), (24 bytes).
    Removing stm32f4xx_usart.o(i.USART_IrDACmd), (24 bytes).
    Removing stm32f4xx_usart.o(i.USART_IrDAConfig), (18 bytes).
    Removing stm32f4xx_usart.o(i.USART_LINBreakDetectLengthConfig), (18 bytes).
    Removing stm32f4xx_usart.o(i.USART_LINCmd), (24 bytes).
    Removing stm32f4xx_usart.o(i.USART_OneBitMethodCmd), (24 bytes).
    Removing stm32f4xx_usart.o(i.USART_OverSampling8Cmd), (22 bytes).
    Removing stm32f4xx_usart.o(i.USART_ReceiverWakeUpCmd), (24 bytes).
    Removing stm32f4xx_usart.o(i.USART_SendBreak), (10 bytes).
    Removing stm32f4xx_usart.o(i.USART_SendData), (8 bytes).
    Removing stm32f4xx_usart.o(i.USART_SetAddress), (18 bytes).
    Removing stm32f4xx_usart.o(i.USART_SetGuardTime), (16 bytes).
    Removing stm32f4xx_usart.o(i.USART_SetPrescaler), (16 bytes).
    Removing stm32f4xx_usart.o(i.USART_SmartCardCmd), (24 bytes).
    Removing stm32f4xx_usart.o(i.USART_SmartCardNACKCmd), (24 bytes).
    Removing stm32f4xx_usart.o(i.USART_StructInit), (24 bytes).
    Removing stm32f4xx_usart.o(i.USART_WakeUpConfig), (18 bytes).
    Removing stm32f4xx_wwdg.o(.rev16_text), (4 bytes).
    Removing stm32f4xx_wwdg.o(.revsh_text), (4 bytes).
    Removing stm32f4xx_wwdg.o(.rrx_text), (6 bytes).
    Removing stm32f4xx_wwdg.o(i.WWDG_ClearFlag), (12 bytes).
    Removing stm32f4xx_wwdg.o(i.WWDG_DeInit), (22 bytes).
    Removing stm32f4xx_wwdg.o(i.WWDG_Enable), (16 bytes).
    Removing stm32f4xx_wwdg.o(i.WWDG_EnableIT), (12 bytes).
    Removing stm32f4xx_wwdg.o(i.WWDG_GetFlagStatus), (20 bytes).
    Removing stm32f4xx_wwdg.o(i.WWDG_SetCounter), (16 bytes).
    Removing stm32f4xx_wwdg.o(i.WWDG_SetPrescaler), (24 bytes).
    Removing stm32f4xx_wwdg.o(i.WWDG_SetWindowValue), (40 bytes).
    Removing delay.o(.rev16_text), (4 bytes).
    Removing delay.o(.revsh_text), (4 bytes).
    Removing delay.o(.rrx_text), (6 bytes).
    Removing delay.o(i.delay_us), (76 bytes).
    Removing sys.o(.rev16_text), (4 bytes).
    Removing sys.o(.revsh_text), (4 bytes).
    Removing sys.o(.rrx_text), (6 bytes).
    Removing sys.o(.emb_text), (16 bytes).
    Removing usart.o(.rev16_text), (4 bytes).
    Removing usart.o(.revsh_text), (4 bytes).
    Removing usart.o(.rrx_text), (6 bytes).
    Removing usart.o(i.fputc), (28 bytes).
    Removing usart.o(i.uart_rx_discard), (36 bytes).
    Removing protocol.o(.rev16_text), (4 bytes).
    Removing protocol.o(.revsh_text), (4 bytes).
    Removing protocol.o(.rrx_text), (6 bytes).
    Removing cmd_handler.o(.rev16_text), (4 bytes).
    Removing cmd_handler.o(.revsh_text), (4 bytes).
    Removing cmd_handler.o(.rrx_text), (6 bytes).
    Removing control.o(.rev16_text), (4 bytes).
    Removing control.o(.revsh_text), (4 bytes).
    Removing control.o(.rrx_text), (6 bytes).
    Removing led.o(.rev16_text), (4 bytes).
    Removing led.o(.revsh_text), (4 bytes).
    Removing led.o(.rrx_text), (6 bytes).
    Removing key.o(.rev16_text), (4 bytes).
    Removing key.o(.revsh_text), (4 bytes).
    Removing key.o(.rrx_text), (6 bytes).
    Removing oled.o(.rev16_text), (4 bytes).
    Removing oled.o(.revsh_text), (4 bytes).
    Removing oled.o(.rrx_text), (6 bytes).
    Removing oled.o(i.OLED_Display_Off), (28 bytes).
    Removing oled.o(i.OLED_Display_On), (28 bytes).
    Removing oled.o(i.OLED_DrawBMP), (118 bytes).
    Removing oled.o(i.OLED_On), (62 bytes).
    Removing oled.o(i.OLED_Set_Pos), (40 bytes).
    Removing oled.o(i.OLED_ShowCHinese), (104 bytes).
    Removing oled.o(i.OLED_ShowChar), (164 bytes).
    Removing oled.o(i.OLED_ShowNum), (212 bytes).
    Removing oled.o(i.OLED_ShowString), (58 bytes).
    Removing oled.o(i.fill_picture), (64 bytes).
    Removing oled.o(i.oled_pow), (22 bytes).
    Removing oled.o(.constdata), (2072 bytes).
    Removing oled.o(.data), (256 bytes).

866 unused section(s) (total 38900 bytes) removed from the image.

==============================================================================

Image Symbol Table

    Local Symbols

    Symbol Name                              Value     Ov Type        Size  Object(Section)

    ../clib/angel/boardlib.s                 0x00000000   Number         0  boardinit3.o ABSOLUTE
    ../clib/angel/boardlib.s                 0x00000000   Number         0  boardinit2.o ABSOLUTE
    ../clib/angel/boardlib.s                 0x00000000   Number         0  boardinit1.o ABSOLUTE
    ../clib/angel/boardlib.s                 0x00000000   Number         0  boardshut.o ABSOLUTE
    ../clib/angel/handlers.s                 0x00000000   Number         0  __scatter_zi.o ABSOLUTE
    ../clib/angel/handlers.s                 0x00000000   Number         0  __scatter_copy.o ABSOLUTE
    ../clib/angel/kernel.s                   0x00000000   Number         0  rtexit.o ABSOLUTE
    ../clib/angel/kernel.s                   0x00000000   Number         0  rtexit2.o ABSOLUTE
    ../clib/angel/kernel.s                   0x00000000   Number         0  __rtentry4.o ABSOLUTE
    ../clib/angel/kernel.s                   0x00000000   Number         0  __rtentry2.o ABSOLUTE
    ../clib/angel/kernel.s                   0x00000000   Number         0  __rtentry.o ABSOLUTE
    ../clib/angel/rt.s                       0x00000000   Number         0  rt_raise.o ABSOLUTE
    ../clib/angel/scatter.s                  0x00000000   Number         0  __scatter.o ABSOLUTE
    ../clib/angel/startup.s                  0x00000000   Number         0  __main.o ABSOLUTE
    ../clib/angel/sys.s                      0x00000000   Number         0  indicate_semi.o ABSOLUTE
    ../clib/angel/sys.s                      0x00000000   Number         0  libspace.o ABSOLUTE
    ../clib/angel/sys.s                      0x00000000   Number         0  sys_stackheap_outer.o ABSOLUTE
    ../clib/angel/sys.s                      0x00000000   Number         0  use_no_semi.o ABSOLUTE
    ../clib/angel/sys.s                      0x00000000   Number         0  use_no_semi_2.o ABSOLUTE
    ../clib/angel/sysapp.c                   0x00000000   Number         0  sys_command.o ABSOLUTE
    ../clib/angel/sysapp.c                   0x00000000   Number         0  sys_wrch.o ABSOLUTE
    ../clib/armsys.c                         0x00000000   Number         0  argv_veneer.o ABSOLUTE
    ../clib/armsys.c                         0x00000000   Number         0  no_argv.o ABSOLUTE
    ../clib/armsys.c                         0x00000000   Number         0  _get_argv_nomalloc.o ABSOLUTE
    ../clib/armsys.c                         0x00000000   Number         0  argv_veneer.o ABSOLUTE
    ../clib/heapalloc.c                      0x00000000   Number         0  hrguard.o ABSOLUTE
    ../clib/heapaux.c                        0x00000000   Number         0  heapauxi.o ABSOLUTE
    ../clib/libinit.s                        0x00000000   Number         0  libshutdown.o ABSOLUTE
    ../clib/libinit.s                        0x00000000   Number         0  libinit.o ABSOLUTE
    ../clib/libinit.s                        0x00000000   Number         0  libinit2.o ABSOLUTE
    ../clib/libinit.s                        0x00000000   Number         0  libshutdown2.o ABSOLUTE
    ../clib/memcpset.s                       0x00000000   Number         0  rt_memclr_w.o ABSOLUTE
    ../clib/memcpset.s                       0x00000000   Number         0  rt_memmove_w.o ABSOLUTE
    ../clib/memcpset.s                       0x00000000   Number         0  rt_memcpy_v6.o ABSOLUTE
    ../clib/memcpset.s                       0x00000000   Number         0  rt_memmove_v6.o ABSOLUTE
    ../clib/memcpset.s                       0x00000000   Number         0  rt_memclr.o ABSOLUTE
    ../clib/memcpset.s                       0x00000000   Number         0  rt_memcpy_w.o ABSOLUTE
    ../clib/signal.c                         0x00000000   Number         0  __raise.o ABSOLUTE
    ../clib/signal.c                         0x00000000   Number         0  defsig_exit.o ABSOLUTE
    ../clib/signal.c                         0x00000000   Number         0  defsig_rtmem_formal.o ABSOLUTE
    ../clib/signal.c                         0x00000000   Number         0  defsig_rtmem_inner.o ABSOLUTE
    ../clib/signal.c                         0x00000000   Number         0  defsig_stak_inner.o ABSOLUTE
    ../clib/signal.c                         0x00000000   Number         0  defsig_rtred_inner.o ABSOLUTE
    ../clib/signal.c                         0x00000000   Number         0  defsig_fpe_inner.o ABSOLUTE
    ../clib/signal.c                         0x00000000   Number         0  defsig_abrt_inner.o ABSOLUTE
    ../clib/signal.c                         0x00000000   Number         0  defsig_rtmem_outer.o ABSOLUTE
    ../clib/signal.c                         0x00000000   Number         0  defsig_pvfn_inner.o ABSOLUTE
    ../clib/signal.c                         0x00000000   Number         0  defsig_general.o ABSOLUTE
    ../clib/signal.c                         0x00000000   Number         0  defsig_cppl_inner.o ABSOLUTE
    ../clib/signal.c                         0x00000000   Number         0  defsig_segv_inner.o ABSOLUTE
    ../clib/signal.c                         0x00000000   Number         0  defsig_other.o ABSOLUTE
    ../clib/signal.s                         0x00000000   Number         0  defsig.o ABSOLUTE
    ../clib/stdlib.c                         0x00000000   Number         0  exit.o ABSOLUTE
    ../fplib/fpinit.s                        0x00000000   Number         0  fpinit.o ABSOLUTE
    ..\CORE\startup_stm32f40_41xxx.s         0x00000000   Number         0  startup_stm32f40_41xxx.o ABSOLUTE
    ..\FWLIB\src\misc.c                      0x00000000   Number         0  misc.o ABSOLUTE
    ..\FWLIB\src\stm32f4xx_adc.c             0x00000000   Number         0  stm32f4xx_adc.o ABSOLUTE
    ..\FWLIB\src\stm32f4xx_can.c             0x00000000   Number         0  stm32f4xx_can.o ABSOLUTE
    ..\FWLIB\src\stm32f4xx_cec.c             0x00000000   Number         0  stm32f4xx_cec.o ABSOLUTE
    ..\FWLIB\src\stm32f4xx_crc.c             0x00000000   Number         0  stm32f4xx_crc.o ABSOLUTE
    ..\FWLIB\src\stm32f4xx_cryp.c            0x00000000   Number         0  stm32f4xx_cryp.o ABSOLUTE
    ..\FWLIB\src\stm32f4xx_cryp_aes.c        0x00000000   Number         0  stm32f4xx_cryp_aes.o ABSOLUTE
    ..\FWLIB\src\stm32f4xx_cryp_des.c        0x00000000   Number         0  stm32f4xx_cryp_des.o ABSOLUTE
    ..\FWLIB\src\stm32f4xx_cryp_tdes.c       0x00000000   Number         0  stm32f4xx_cryp_tdes.o ABSOLUTE
    ..\FWLIB\src\stm32f4xx_dac.c             0x00000000   Number         0  stm32f4xx_dac.o ABSOLUTE
    ..\FWLIB\src\stm32f4xx_dbgmcu.c          0x00000000   Number         0  stm32f4xx_dbgmcu.o ABSOLUTE
    ..\FWLIB\src\stm32f4xx_dcmi.c            0x00000000   Number         0  stm32f4xx_dcmi.o ABSOLUTE
    ..\FWLIB\src\stm32f4xx_dfsdm.c           0x00000000   Number         0  stm32f4xx_dfsdm.o ABSOLUTE
    ..\FWLIB\src\stm32f4xx_dma.c             0x00000000   Number         0  stm32f4xx_dma.o ABSOLUTE
    ..\FWLIB\src\stm32f4xx_dma2d.c           0x00000000   Number         0  stm32f4xx_dma2d.o ABSOLUTE
    ..\FWLIB\src\stm32f4xx_dsi.c             0x00000000   Number         0  stm32f4xx_dsi.o ABSOLUTE
    ..\FWLIB\src\stm32f4xx_exti.c            0x00000000   Number         0  stm32f4xx_exti.o ABSOLUTE
    ..\FWLIB\src\stm32f4xx_flash.c           0x00000000   Number         0  stm32f4xx_flash.o ABSOLUTE
    ..\FWLIB\src\stm32f4xx_flash_ramfunc.c   0x00000000   Number         0  stm32f4xx_flash_ramfunc.o ABSOLUTE
    ..\FWLIB\src\stm32f4xx_fmpi2c.c          0x00000000   Number         0  stm32f4xx_fmpi2c.o ABSOLUTE
    ..\FWLIB\src\stm32f4xx_fsmc.c            0x00000000   Number         0  stm32f4xx_fsmc.o ABSOLUTE
    ..\FWLIB\src\stm32f4xx_gpio.c            0x00000000   Number         0  stm32f4xx_gpio.o ABSOLUTE
    ..\FWLIB\src\stm32f4xx_hash.c            0x00000000   Number         0  stm32f4xx_hash.o ABSOLUTE
    ..\FWLIB\src\stm32f4xx_hash_md5.c        0x00000000   Number         0  stm32f4xx_hash_md5.o ABSOLUTE
    ..\FWLIB\src\stm32f4xx_hash_sha1.c       0x00000000   Number         0  stm32f4xx_hash_sha1.o ABSOLUTE
    ..\FWLIB\src\stm32f4xx_i2c.c             0x00000000   Number         0  stm32f4xx_i2c.o ABSOLUTE
    ..\FWLIB\src\stm32f4xx_iwdg.c            0x00000000   Number         0  stm32f4xx_iwdg.o ABSOLUTE
    ..\FWLIB\src\stm32f4xx_lptim.c           0x00000000   Number         0  stm32f4xx_lptim.o ABSOLUTE
    ..\FWLIB\src\stm32f4xx_ltdc.c            0x00000000   Number         0  stm32f4xx_ltdc.o ABSOLUTE
    ..\FWLIB\src\stm32f4xx_pwr.c             0x00000000   Number         0  stm32f4xx_pwr.o ABSOLUTE
    ..\FWLIB\src\stm32f4xx_qspi.c            0x00000000   Number         0  stm32f4xx_qspi.o ABSOLUTE
    ..\FWLIB\src\stm32f4xx_rcc.c             0x00000000   Number         0  stm32f4xx_rcc.o ABSOLUTE
    ..\FWLIB\src\stm32f4xx_rng.c             0x00000000   Number         0  stm32f4xx_rng.o ABSOLUTE
    ..\FWLIB\src\stm32f4xx_rtc.c             0x00000000   Number         0  stm32f4xx_rtc.o ABSOLUTE
    ..\FWLIB\src\stm32f4xx_sai.c             0x00000000   Number         0  stm32f4xx_sai.o ABSOLUTE
    ..\FWLIB\src\stm32f4xx_sdio.c            0x00000000   Number         0  stm32f4xx_sdio.o ABSOLUTE
    ..\FWLIB\src\stm32f4xx_spdifrx.c         0x00000000   Number         0  stm32f4xx_spdifrx.o ABSOLUTE
    ..\FWLIB\src\stm32f4xx_spi.c             0x00000000   Number         0  stm32f4xx_spi.o ABSOLUTE
    ..\FWLIB\src\stm32f4xx_syscfg.c          0x00000000   Number         0  stm32f4xx_syscfg.o ABSOLUTE
    ..\FWLIB\src\stm32f4xx_tim.c             0x00000000   Number         0  stm32f4xx_tim.o ABSOLUTE
    ..\FWLIB\src\stm32f4xx_usart.c           0x00000000   Number         0  stm32f4xx_usart.o ABSOLUTE
    ..\FWLIB\src\stm32f4xx_wwdg.c            0x00000000   Number         0  stm32f4xx_wwdg.o ABSOLUTE
    ..\SYSTEM\cmd_handler.c                  0x00000000   Number         0  cmd_handler.o ABSOLUTE
    ..\SYSTEM\control.c                      0x00000000   Number         0  control.o ABSOLUTE
    ..\SYSTEM\delay.c                        0x00000000   Number         0  delay.o ABSOLUTE
    ..\SYSTEM\protocol.c                     0x00000000   Number         0  protocol.o ABSOLUTE
    ..\SYSTEM\sys.c                          0x00000000   Number         0  sys.o ABSOLUTE
    ..\SYSTEM\usart.c                        0x00000000   Number         0  usart.o ABSOLUTE
    ..\WorkSpace\key.c                       0x00000000   Number         0  key.o ABSOLUTE
    ..\WorkSpace\led.c                       0x00000000   Number         0  led.o ABSOLUTE
    ..\WorkSpace\oled.c                      0x00000000   Number         0  oled.o ABSOLUTE
    ..\\FWLIB\\src\\misc.c                   0x00000000   Number         0  misc.o ABSOLUTE
    ..\\FWLIB\\src\\stm32f4xx_adc.c          0x00000000   Number         0  stm32f4xx_adc.o ABSOLUTE
    ..\\FWLIB\\src\\stm32f4xx_can.c          0x00000000   Number         0  stm32f4xx_can.o ABSOLUTE
    ..\\FWLIB\\src\\stm32f4xx_cec.c          0x00000000   Number         0  stm32f4xx_cec.o ABSOLUTE
    ..\\FWLIB\\src\\stm32f4xx_crc.c          0x00000000   Number         0  stm32f4xx_crc.o ABSOLUTE
    ..\\FWLIB\\src\\stm32f4xx_cryp.c         0x00000000   Number         0  stm32f4xx_cryp.o ABSOLUTE
    ..\\FWLIB\\src\\stm32f4xx_cryp_aes.c     0x00000000   Number         0  stm32f4xx_cryp_aes.o ABSOLUTE
    ..\\FWLIB\\src\\stm32f4xx_cryp_des.c     0x00000000   Number         0  stm32f4xx_cryp_des.o ABSOLUTE
    ..\\FWLIB\\src\\stm32f4xx_cryp_tdes.c    0x00000000   Number         0  stm32f4xx_cryp_tdes.o ABSOLUTE
    ..\\FWLIB\\src\\stm32f4xx_dac.c          0x00000000   Number         0  stm32f4xx_dac.o ABSOLUTE
    ..\\FWLIB\\src\\stm32f4xx_dbgmcu.c       0x00000000   Number         0  stm32f4xx_dbgmcu.o ABSOLUTE
    ..\\FWLIB\\src\\stm32f4xx_dcmi.c         0x00000000   Number         0  stm32f4xx_dcmi.o ABSOLUTE
    ..\\FWLIB\\src\\stm32f4xx_dfsdm.c        0x00000000   Number         0  stm32f4xx_dfsdm.o ABSOLUTE
    ..\\FWLIB\\src\\stm32f4xx_dma.c          0x00000000   Number         0  stm32f4xx_dma.o ABSOLUTE
    ..\\FWLIB\\src\\stm32f4xx_dma2d.c        0x00000000   Number         0  stm32f4xx_dma2d.o ABSOLUTE
    ..\\FWLIB\\src\\stm32f4xx_dsi.c          0x00000000   Number         0  stm32f4xx_dsi.o ABSOLUTE
    ..\\FWLIB\\src\\stm32f4xx_exti.c         0x00000000   Number         0  stm32f4xx_exti.o ABSOLUTE
    ..\\FWLIB\\src\\stm32f4xx_flash.c        0x00000000   Number         0  stm32f4xx_flash.o ABSOLUTE
    ..\\FWLIB\\src\\stm32f4xx_flash_ramfunc.c 0x00000000   Number         0  stm32f4xx_flash_ramfunc.o ABSOLUTE
    ..\\FWLIB\\src\\stm32f4xx_fmpi2c.c       0x00000000   Number         0  stm32f4xx_fmpi2c.o ABSOLUTE
    ..\\FWLIB\\src\\stm32f4xx_fsmc.c         0x00000000   Number         0  stm32f4xx_fsmc.o ABSOLUTE
    ..\\FWLIB\\src\\stm32f4xx_gpio.c         0x00000000   Number         0  stm32f4xx_gpio.o ABSOLUTE
    ..\\FWLIB\\src\\stm32f4xx_hash.c         0x00000000   Number         0  stm32f4xx_hash.o ABSOLUTE
    ..\\FWLIB\\src\\stm32f4xx_hash_md5.c     0x00000000   Number         0  stm32f4xx_hash_md5.o ABSOLUTE
    ..\\FWLIB\\src\\stm32f4xx_hash_sha1.c    0x00000000   Number         0  stm32f4xx_hash_sha1.o ABSOLUTE
    ..\\FWLIB\\src\\stm32f4xx_i2c.c          0x00000000   Number         0  stm32f4xx_i2c.o ABSOLUTE
    ..\\FWLIB\\src\\stm32f4xx_iwdg.c         0x00000000   Number         0  stm32f4xx_iwdg.o ABSOLUTE
    ..\\FWLIB\\src\\stm32f4xx_lptim.c        0x00000000   Number         0  stm32f4xx_lptim.o ABSOLUTE
    ..\\FWLIB\\src\\stm32f4xx_ltdc.c         0x00000000   Number         0  stm32f4xx_ltdc.o ABSOLUTE
    ..\\FWLIB\\src\\stm32f4xx_pwr.c          0x00000000   Number         0  stm32f4xx_pwr.o ABSOLUTE
    ..\\FWLIB\\src\\stm32f4xx_qspi.c         0x00000000   Number         0  stm32f4xx_qspi.o ABSOLUTE
    ..\\FWLIB\\src\\stm32f4xx_rcc.c          0x00000000   Number         0  stm32f4xx_rcc.o ABSOLUTE
    ..\\FWLIB\\src\\stm32f4xx_rng.c          0x00000000   Number         0  stm32f4xx_rng.o ABSOLUTE
    ..\\FWLIB\\src\\stm32f4xx_rtc.c          0x00000000   Number         0  stm32f4xx_rtc.o ABSOLUTE
    ..\\FWLIB\\src\\stm32f4xx_sai.c          0x00000000   Number         0  stm32f4xx_sai.o ABSOLUTE
    ..\\FWLIB\\src\\stm32f4xx_sdio.c         0x00000000   Number         0  stm32f4xx_sdio.o ABSOLUTE
    ..\\FWLIB\\src\\stm32f4xx_spdifrx.c      0x00000000   Number         0  stm32f4xx_spdifrx.o ABSOLUTE
    ..\\FWLIB\\src\\stm32f4xx_spi.c          0x00000000   Number         0  stm32f4xx_spi.o ABSOLUTE
    ..\\FWLIB\\src\\stm32f4xx_syscfg.c       0x00000000   Number         0  stm32f4xx_syscfg.o ABSOLUTE
    ..\\FWLIB\\src\\stm32f4xx_tim.c          0x00000000   Number         0  stm32f4xx_tim.o ABSOLUTE
    ..\\FWLIB\\src\\stm32f4xx_usart.c        0x00000000   Number         0  stm32f4xx_usart.o ABSOLUTE
    ..\\FWLIB\\src\\stm32f4xx_wwdg.c         0x00000000   Number         0  stm32f4xx_wwdg.o ABSOLUTE
    ..\\SYSTEM\\cmd_handler.c                0x00000000   Number         0  cmd_handler.o ABSOLUTE
    ..\\SYSTEM\\control.c                    0x00000000   Number         0  control.o ABSOLUTE
    ..\\SYSTEM\\delay.c                      0x00000000   Number         0  delay.o ABSOLUTE
    ..\\SYSTEM\\protocol.c                   0x00000000   Number         0  protocol.o ABSOLUTE
    ..\\SYSTEM\\sys.c                        0x00000000   Number         0  sys.o ABSOLUTE
    ..\\SYSTEM\\usart.c                      0x00000000   Number         0  usart.o ABSOLUTE
    ..\\WorkSpace\\key.c                     0x00000000   Number         0  key.o ABSOLUTE
    ..\\WorkSpace\\led.c                     0x00000000   Number         0  led.o ABSOLUTE
    ..\\WorkSpace\\oled.c                    0x00000000   Number         0  oled.o ABSOLUTE
    dc.s                                     0x00000000   Number         0  dc.o ABSOLUTE
    main.c                                   0x00000000   Number         0  main.o ABSOLUTE
    main.c                                   0x00000000   Number         0  main.o ABSOLUTE
    stm32f4xx_it.c                           0x00000000   Number         0  stm32f4xx_it.o ABSOLUTE
    stm32f4xx_it.c                           0x00000000   Number         0  stm32f4xx_it.o ABSOLUTE
    system_stm32f4xx.c                       0x00000000   Number         0  system_stm32f4xx.o ABSOLUTE
    system_stm32f4xx.c                       0x00000000   Number         0  system_stm32f4xx.o ABSOLUTE
    RESET                                    0x08000000   Section      392  startup_stm32f40_41xxx.o(RESET)
    !!!main                                  0x08000188   Section        8  __main.o(!!!main)
    !!!scatter                               0x08000190   Section       52  __scatter.o(!!!scatter)
    !!handler_copy                           0x080001c4   Section       26  __scatter_copy.o(!!handler_copy)
    !!handler_zi                             0x080001e0   Section       28  __scatter_zi.o(!!handler_zi)
    .ARM.Collect$$libinit$$00000000          0x080001fc   Section        2  libinit.o(.ARM.Collect$$libinit$$00000000)
    .ARM.Collect$$libinit$$00000001          0x080001fe   Section        4  libinit2.o(.ARM.Collect$$libinit$$00000001)
    .ARM.Collect$$libinit$$00000004          0x08000202   Section        0  libinit2.o(.ARM.Collect$$libinit$$00000004)
    .ARM.Collect$$libinit$$0000000A          0x08000202   Section        0  libinit2.o(.ARM.Collect$$libinit$$0000000A)
    .ARM.Collect$$libinit$$0000000C          0x08000202   Section        0  libinit2.o(.ARM.Collect$$libinit$$0000000C)
    .ARM.Collect$$libinit$$0000000E          0x08000202   Section        0  libinit2.o(.ARM.Collect$$libinit$$0000000E)
    .ARM.Collect$$libinit$$00000011          0x08000202   Section        0  libinit2.o(.ARM.Collect$$libinit$$00000011)
    .ARM.Collect$$libinit$$00000013          0x08000202   Section        0  libinit2.o(.ARM.Collect$$libinit$$00000013)
    .ARM.Collect$$libinit$$00000015          0x08000202   Section        0  libinit2.o(.ARM.Collect$$libinit$$00000015)
    .ARM.Collect$$libinit$$00000017          0x08000202   Section        0  libinit2.o(.ARM.Collect$$libinit$$00000017)
    .ARM.Collect$$libinit$$00000019          0x08000202   Section        0  libinit2.o(.ARM.Collect$$libinit$$00000019)
    .ARM.Collect$$libinit$$0000001B          0x08000202   Section        0  libinit2.o(.ARM.Collect$$libinit$$0000001B)
    .ARM.Collect$$libinit$$0000001D          0x08000202   Section        0  libinit2.o(.ARM.Collect$$libinit$$0000001D)
    .ARM.Collect$$libinit$$0000001F          0x08000202   Section        0  libinit2.o(.ARM.Collect$$libinit$$0000001F)
    .ARM.Collect$$libinit$$00000021          0x08000202   Section        0  libinit2.o(.ARM.Collect$$libinit$$00000021)
    .ARM.Collect$$libinit$$00000023          0x08000202   Section        0  libinit2.o(.ARM.Collect$$libinit$$00000023)
    .ARM.Collect$$libinit$$00000025          0x08000202   Section        0  libinit2.o(.ARM.Collect$$libinit$$00000025)
    .ARM.Collect$$libinit$$0000002C          0x08000202   Section        0  libinit2.o(.ARM.Collect$$libinit$$0000002C)
    .ARM.Collect$$libinit$$0000002E          0x08000202   Section        0  libinit2.o(.ARM.Collect$$libinit$$0000002E)
    .ARM.Collect$$libinit$$00000030          0x08000202   Section        0  libinit2.o(.ARM.Collect$$libinit$$00000030)
    .ARM.Collect$$libinit$$00000032          0x08000202   Section        0  libinit2.o(.ARM.Collect$$libinit$$00000032)
    .ARM.Collect$$libinit$$00000033          0x08000202   Section        2  libinit2.o(.ARM.Collect$$libinit$$00000033)
    .ARM.Collect$$libshutdown$$00000000      0x08000204   Section        2  libshutdown.o(.ARM.Collect$$libshutdown$$00000000)
    .ARM.Collect$$libshutdown$$00000002      0x08000206   Section        0  libshutdown2.o(.ARM.Collect$$libshutdown$$00000002)
    .ARM.Collect$$libshutdown$$00000004      0x08000206   Section        0  libshutdown2.o(.ARM.Collect$$libshutdown$$00000004)
    .ARM.Collect$$libshutdown$$00000007      0x08000206   Section        0  libshutdown2.o(.ARM.Collect$$libshutdown$$00000007)
    .ARM.Collect$$libshutdown$$0000000A      0x08000206   Section        0  libshutdown2.o(.ARM.Collect$$libshutdown$$0000000A)
    .ARM.Collect$$libshutdown$$0000000C      0x08000206   Section        0  libshutdown2.o(.ARM.Collect$$libshutdown$$0000000C)
    .ARM.Collect$$libshutdown$$0000000F      0x08000206   Section        0  libshutdown2.o(.ARM.Collect$$libshutdown$$0000000F)
    .ARM.Collect$$libshutdown$$00000010      0x08000206   Section        2  libshutdown2.o(.ARM.Collect$$libshutdown$$00000010)
    .ARM.Collect$$rtentry$$00000000          0x08000208   Section        0  __rtentry.o(.ARM.Collect$$rtentry$$00000000)
    .ARM.Collect$$rtentry$$00000002          0x08000208   Section        0  __rtentry2.o(.ARM.Collect$$rtentry$$00000002)
    .ARM.Collect$$rtentry$$00000004          0x08000208   Section        6  __rtentry4.o(.ARM.Collect$$rtentry$$00000004)
    .ARM.Collect$$rtentry$$00000009          0x0800020e   Section        0  __rtentry2.o(.ARM.Collect$$rtentry$$00000009)
    .ARM.Collect$$rtentry$$0000000A          0x0800020e   Section        4  __rtentry2.o(.ARM.Collect$$rtentry$$0000000A)
    .ARM.Collect$$rtentry$$0000000C          0x08000212   Section        0  __rtentry2.o(.ARM.Collect$$rtentry$$0000000C)
    .ARM.Collect$$rtentry$$0000000D          0x08000212   Section        8  __rtentry2.o(.ARM.Collect$$rtentry$$0000000D)
    .ARM.Collect$$rtexit$$00000000           0x0800021a   Section        2  rtexit.o(.ARM.Collect$$rtexit$$00000000)
    .ARM.Collect$$rtexit$$00000002           0x0800021c   Section        0  rtexit2.o(.ARM.Collect$$rtexit$$00000002)
    .ARM.Collect$$rtexit$$00000003           0x0800021c   Section        4  rtexit2.o(.ARM.Collect$$rtexit$$00000003)
    .ARM.Collect$$rtexit$$00000004           0x08000220   Section        6  rtexit2.o(.ARM.Collect$$rtexit$$00000004)
    .text                                    0x08000228   Section       64  startup_stm32f40_41xxx.o(.text)
    $v0                                      0x08000228   Number         0  startup_stm32f40_41xxx.o(.text)
    .text                                    0x08000268   Section        2  use_no_semi_2.o(.text)
    .text                                    0x0800026a   Section      138  rt_memcpy_v6.o(.text)
    .text                                    0x080002f4   Section      132  rt_memmove_v6.o(.text)
    .text                                    0x08000378   Section      100  rt_memcpy_w.o(.text)
    .text                                    0x080003dc   Section       68  rt_memclr.o(.text)
    .text                                    0x08000420   Section        0  heapauxi.o(.text)
    .text                                    0x08000426   Section        2  use_no_semi.o(.text)
    .text                                    0x08000428   Section      122  rt_memmove_w.o(.text)
    .text                                    0x080004a2   Section       78  rt_memclr_w.o(.text)
    .text                                    0x080004f0   Section       74  sys_stackheap_outer.o(.text)
    .text                                    0x0800053a   Section        0  exit.o(.text)
    .text                                    0x0800054c   Section        8  libspace.o(.text)
    i.BusFault_Handler                       0x08000554   Section        0  stm32f4xx_it.o(i.BusFault_Handler)
    i.DebugMon_Handler                       0x08000558   Section        0  stm32f4xx_it.o(i.DebugMon_Handler)
    i.GPIO_Init                              0x0800055a   Section        0  stm32f4xx_gpio.o(i.GPIO_Init)
    i.GPIO_PinAFConfig                       0x080005ea   Section        0  stm32f4xx_gpio.o(i.GPIO_PinAFConfig)
    i.GPIO_ReadInputDataBit                  0x08000630   Section        0  stm32f4xx_gpio.o(i.GPIO_ReadInputDataBit)
    i.GPIO_ResetBits                         0x08000642   Section        0  stm32f4xx_gpio.o(i.GPIO_ResetBits)
    i.GPIO_SetBits                           0x08000646   Section        0  stm32f4xx_gpio.o(i.GPIO_SetBits)
    i.HardFault_Handler                      0x0800064a   Section        0  stm32f4xx_it.o(i.HardFault_Handler)
    i.KEY_Init                               0x08000650   Section        0  key.o(i.KEY_Init)
    i.KEY_Scan                               0x08000694   Section        0  key.o(i.KEY_Scan)
    i.LED_Init                               0x08000714   Section        0  led.o(i.LED_Init)
    i.MemManage_Handler                      0x08000754   Section        0  stm32f4xx_it.o(i.MemManage_Handler)
    i.NMI_Handler                            0x08000758   Section        0  stm32f4xx_it.o(i.NMI_Handler)
    i.NVIC_Init                              0x0800075c   Section        0  misc.o(i.NVIC_Init)
    i.NVIC_PriorityGroupConfig               0x080007d4   Section        0  misc.o(i.NVIC_PriorityGroupConfig)
    i.OLED_Clear                             0x080007e8   Section        0  oled.o(i.OLED_Clear)
    i.OLED_IIC_Delay                         0x08000826   Section        0  oled.o(i.OLED_IIC_Delay)
    i.OLED_IIC_Start                         0x08000840   Section        0  oled.o(i.OLED_IIC_Start)
    i.OLED_IIC_Stop                          0x0800087c   Section        0  oled.o(i.OLED_IIC_Stop)
    i.OLED_IIC_Wait_Ack                      0x080008b8   Section        0  oled.o(i.OLED_IIC_Wait_Ack)
    i.OLED_Init                              0x08000938   Section        0  oled.o(i.OLED_Init)
    i.OLED_WR_Byte                           0x08000a74   Section        0  oled.o(i.OLED_WR_Byte)
    i.OLED_Write_IIC_Byte                    0x08000a8c   Section        0  oled.o(i.OLED_Write_IIC_Byte)
    i.OLED_Write_IIC_Command                 0x08000aec   Section        0  oled.o(i.OLED_Write_IIC_Command)
    i.OLED_Write_IIC_Data                    0x08000b18   Section        0  oled.o(i.OLED_Write_IIC_Data)
    i.PendSV_Handler                         0x08000b44   Section        0  stm32f4xx_it.o(i.PendSV_Handler)
    i.RCC_AHB1PeriphClockCmd                 0x08000b48   Section        0  stm32f4xx_rcc.o(i.RCC_AHB1PeriphClockCmd)
    i.RCC_APB2PeriphClockCmd                 0x08000b68   Section        0  stm32f4xx_rcc.o(i.RCC_APB2PeriphClockCmd)
    i.RCC_GetClocksFreq                      0x08000b88   Section        0  stm32f4xx_rcc.o(i.RCC_GetClocksFreq)
    i.SVC_Handler                            0x08000c70   Section        0  stm32f4xx_it.o(i.SVC_Handler)
    i.SetSysClock                            0x08000c74   Section        0  system_stm32f4xx.o(i.SetSysClock)
    SetSysClock                              0x08000c75   Thumb Code   220  system_stm32f4xx.o(i.SetSysClock)
    i.SysTick_CLKSourceConfig                0x08000d60   Section        0  misc.o(i.SysTick_CLKSourceConfig)
    i.SysTick_Handler                        0x08000d88   Section        0  stm32f4xx_it.o(i.SysTick_Handler)
    i.SystemInit                             0x08000d8c   Section        0  system_stm32f4xx.o(i.SystemInit)
    i.USART1_IRQHandler                      0x08000df4   Section        0  usart.o(i.USART1_IRQHandler)
    i.USART_ClearFlag                        0x08000e5c   Section        0  stm32f4xx_usart.o(i.USART_ClearFlag)
    i.USART_ClearITPendingBit                0x08000e6e   Section        0  stm32f4xx_usart.o(i.USART_ClearITPendingBit)
    i.USART_Cmd                              0x08000e8c   Section        0  stm32f4xx_usart.o(i.USART_Cmd)
    i.USART_GetFlagStatus                    0x08000ea4   Section        0  stm32f4xx_usart.o(i.USART_GetFlagStatus)
    i.USART_GetITStatus                      0x08000ebe   Section        0  stm32f4xx_usart.o(i.USART_GetITStatus)
    i.USART_ITConfig                         0x08000f12   Section        0  stm32f4xx_usart.o(i.USART_ITConfig)
    i.USART_Init                             0x08000f5c   Section        0  stm32f4xx_usart.o(i.USART_Init)
    i.USART_ReceiveData                      0x08001030   Section        0  stm32f4xx_usart.o(i.USART_ReceiveData)
    i.UsageFault_Handler                     0x0800103a   Section        0  stm32f4xx_it.o(i.UsageFault_Handler)
    i._sys_exit                              0x0800103e   Section        0  usart.o(i._sys_exit)
    i.asm_discard                            0x08001044   Section        0  cmd_handler.o(i.asm_discard)
    asm_discard                              0x08001045   Thumb Code    48  cmd_handler.o(i.asm_discard)
    i.cmd_handler_init                       0x0800107c   Section        0  cmd_handler.o(i.cmd_handler_init)
    i.cmd_handler_poll                       0x080010c4   Section        0  cmd_handler.o(i.cmd_handler_poll)
    i.cmd_handler_send_feedback              0x08001148   Section        0  cmd_handler.o(i.cmd_handler_send_feedback)
    i.control_init                           0x08001164   Section        0  control.o(i.control_init)
    i.control_set_enable                     0x08001170   Section        0  control.o(i.control_set_enable)
    i.control_update                         0x0800117c   Section        0  control.o(i.control_update)
    i.crc16_modbus                           0x08001258   Section        0  protocol.o(i.crc16_modbus)
    i.delay_init                             0x08001294   Section        0  delay.o(i.delay_init)
    i.delay_ms                               0x080012d0   Section        0  delay.o(i.delay_ms)
    i.delay_xms                              0x08001308   Section        0  delay.o(i.delay_xms)
    i.dispatch_frame                         0x08001354   Section        0  cmd_handler.o(i.dispatch_frame)
    dispatch_frame                           0x08001355   Thumb Code   138  cmd_handler.o(i.dispatch_frame)
    i.find_header                            0x080013e8   Section        0  cmd_handler.o(i.find_header)
    find_header                              0x080013e9   Thumb Code    46  cmd_handler.o(i.find_header)
    i.frame_finalize                         0x08001420   Section        0  protocol.o(i.frame_finalize)
    frame_finalize                           0x08001421   Thumb Code    42  protocol.o(i.frame_finalize)
    i.main                                   0x0800144c   Section        0  main.o(i.main)
    i.protocol_pack_ack                      0x080014d8   Section        0  protocol.o(i.protocol_pack_ack)
    i.protocol_pack_feedback                 0x080014f0   Section        0  protocol.o(i.protocol_pack_feedback)
    i.protocol_parse_cmd                     0x08001514   Section        0  protocol.o(i.protocol_parse_cmd)
    i.protocol_parse_data                    0x0800151a   Section        0  protocol.o(i.protocol_parse_data)
    i.protocol_verify                        0x0800152c   Section        0  protocol.o(i.protocol_verify)
    i.uart_init                              0x08001578   Section        0  usart.o(i.uart_init)
    i.uart_rx_count                          0x08001628   Section        0  usart.o(i.uart_rx_count)
    i.uart_rx_read                           0x08001640   Section        0  usart.o(i.uart_rx_read)
    i.uart_send_frame                        0x08001660   Section        0  usart.o(i.uart_send_frame)
    x$fpl$fpinit                             0x0800168c   Section       10  fpinit.o(x$fpl$fpinit)
    $v0                                      0x0800168c   Number         0  fpinit.o(x$fpl$fpinit)
    .data                                    0x20000000   Section       16  stm32f4xx_rcc.o(.data)
    APBAHBPrescTable                         0x20000000   Data          16  stm32f4xx_rcc.o(.data)
    .data                                    0x20000010   Section        4  delay.o(.data)
    fac_us                                   0x20000010   Data           1  delay.o(.data)
    fac_ms                                   0x20000012   Data           2  delay.o(.data)
    .data                                    0x20000014   Section        8  usart.o(.data)
    rx_head                                  0x20000018   Data           2  usart.o(.data)
    rx_tail                                  0x2000001a   Data           2  usart.o(.data)
    .data                                    0x2000001c   Section        4  cmd_handler.o(.data)
    asm_len                                  0x2000001e   Data           2  cmd_handler.o(.data)
    .data                                    0x20000020   Section        1  control.o(.data)
    ctrl_enabled                             0x20000020   Data           1  control.o(.data)
    .data                                    0x20000021   Section        1  key.o(.data)
    key_up                                   0x20000021   Data           1  key.o(.data)
    .bss                                     0x20000024   Section      512  usart.o(.bss)
    rx_buf                                   0x20000024   Data         512  usart.o(.bss)
    .bss                                     0x20000224   Section      142  cmd_handler.o(.bss)
    asm_buf                                  0x20000264   Data          78  cmd_handler.o(.bss)
    .bss                                     0x200002b4   Section       96  libspace.o(.bss)
    HEAP                                     0x20000318   Section      512  startup_stm32f40_41xxx.o(HEAP)
    Heap_Mem                                 0x20000318   Data         512  startup_stm32f40_41xxx.o(HEAP)
    STACK                                    0x20000518   Section     1024  startup_stm32f40_41xxx.o(STACK)
    Stack_Mem                                0x20000518   Data        1024  startup_stm32f40_41xxx.o(STACK)
    __initial_sp                             0x20000918   Data           0  startup_stm32f40_41xxx.o(STACK)

    Global Symbols

    Symbol Name                              Value     Ov Type        Size  Object(Section)

    BuildAttributes$$THM_ISAv4$E$P$D$K$B$S$7EM$VFPi3$EXTD16$VFPS$VFMA$PE$A:L22UL41UL21$X:L11$S22US41US21$IEEE1$IW$USESV6$~STKCKD$USESV7$~SHL$OSPACE$ROPI$EBA8$UX$STANDARDLIB$REQ8$PRES8$EABIv2 0x00000000   Number         0  anon$$obj.o ABSOLUTE
    __ARM_use_no_argv                        0x00000000   Number         0  main.o ABSOLUTE
    __ARM_exceptions_init                     - Undefined Weak Reference
    __alloca_initialize                       - Undefined Weak Reference
    __arm_preinit_                            - Undefined Weak Reference
    __cpp_initialize__aeabi_                  - Undefined Weak Reference
    __cxa_finalize                            - Undefined Weak Reference
    __rt_locale                               - Undefined Weak Reference
    __sigvec_lookup                           - Undefined Weak Reference
    _atexit_init                              - Undefined Weak Reference
    _call_atexit_fns                          - Undefined Weak Reference
    _clock_init                               - Undefined Weak Reference
    _fp_trap_init                             - Undefined Weak Reference
    _fp_trap_shutdown                         - Undefined Weak Reference
    _get_lc_collate                           - Undefined Weak Reference
    _get_lc_ctype                             - Undefined Weak Reference
    _get_lc_monetary                          - Undefined Weak Reference
    _get_lc_numeric                           - Undefined Weak Reference
    _get_lc_time                              - Undefined Weak Reference
    _getenv_init                              - Undefined Weak Reference
    _handle_redirection                       - Undefined Weak Reference
    _init_alloc                               - Undefined Weak Reference
    _init_user_alloc                          - Undefined Weak Reference
    _initio                                   - Undefined Weak Reference
    _rand_init                                - Undefined Weak Reference
    _signal_finish                            - Undefined Weak Reference
    _signal_init                              - Undefined Weak Reference
    _terminate_alloc                          - Undefined Weak Reference
    _terminate_user_alloc                     - Undefined Weak Reference
    _terminateio                              - Undefined Weak Reference
    __Vectors_Size                           0x00000188   Number         0  startup_stm32f40_41xxx.o ABSOLUTE
    __Vectors                                0x08000000   Data           4  startup_stm32f40_41xxx.o(RESET)
    __Vectors_End                            0x08000188   Data           0  startup_stm32f40_41xxx.o(RESET)
    __main                                   0x08000189   Thumb Code     8  __main.o(!!!main)
    __scatterload                            0x08000191   Thumb Code     0  __scatter.o(!!!scatter)
    __scatterload_rt2                        0x08000191   Thumb Code    44  __scatter.o(!!!scatter)
    __scatterload_rt2_thumb_only             0x08000191   Thumb Code     0  __scatter.o(!!!scatter)
    __scatterload_null                       0x0800019f   Thumb Code     0  __scatter.o(!!!scatter)
    __scatterload_copy                       0x080001c5   Thumb Code    26  __scatter_copy.o(!!handler_copy)
    __scatterload_zeroinit                   0x080001e1   Thumb Code    28  __scatter_zi.o(!!handler_zi)
    __rt_lib_init                            0x080001fd   Thumb Code     0  libinit.o(.ARM.Collect$$libinit$$00000000)
    __rt_lib_init_fp_1                       0x080001ff   Thumb Code     0  libinit2.o(.ARM.Collect$$libinit$$00000001)
    __rt_lib_init_alloca_1                   0x08000203   Thumb Code     0  libinit2.o(.ARM.Collect$$libinit$$0000002E)
    __rt_lib_init_argv_1                     0x08000203   Thumb Code     0  libinit2.o(.ARM.Collect$$libinit$$0000002C)
    __rt_lib_init_atexit_1                   0x08000203   Thumb Code     0  libinit2.o(.ARM.Collect$$libinit$$0000001B)
    __rt_lib_init_clock_1                    0x08000203   Thumb Code     0  libinit2.o(.ARM.Collect$$libinit$$00000021)
    __rt_lib_init_cpp_1                      0x08000203   Thumb Code     0  libinit2.o(.ARM.Collect$$libinit$$00000032)
    __rt_lib_init_exceptions_1               0x08000203   Thumb Code     0  libinit2.o(.ARM.Collect$$libinit$$00000030)
    __rt_lib_init_fp_trap_1                  0x08000203   Thumb Code     0  libinit2.o(.ARM.Collect$$libinit$$0000001F)
    __rt_lib_init_getenv_1                   0x08000203   Thumb Code     0  libinit2.o(.ARM.Collect$$libinit$$00000023)
    __rt_lib_init_heap_1                     0x08000203   Thumb Code     0  libinit2.o(.ARM.Collect$$libinit$$0000000A)
    __rt_lib_init_lc_collate_1               0x08000203   Thumb Code     0  libinit2.o(.ARM.Collect$$libinit$$00000011)
    __rt_lib_init_lc_ctype_1                 0x08000203   Thumb Code     0  libinit2.o(.ARM.Collect$$libinit$$00000013)
    __rt_lib_init_lc_monetary_1              0x08000203   Thumb Code     0  libinit2.o(.ARM.Collect$$libinit$$00000015)
    __rt_lib_init_lc_numeric_1               0x08000203   Thumb Code     0  libinit2.o(.ARM.Collect$$libinit$$00000017)
    __rt_lib_init_lc_time_1                  0x08000203   Thumb Code     0  libinit2.o(.ARM.Collect$$libinit$$00000019)
    __rt_lib_init_preinit_1                  0x08000203   Thumb Code     0  libinit2.o(.ARM.Collect$$libinit$$00000004)
    __rt_lib_init_rand_1                     0x08000203   Thumb Code     0  libinit2.o(.ARM.Collect$$libinit$$0000000E)
    __rt_lib_init_return                     0x08000203   Thumb Code     0  libinit2.o(.ARM.Collect$$libinit$$00000033)
    __rt_lib_init_signal_1                   0x08000203   Thumb Code     0  libinit2.o(.ARM.Collect$$libinit$$0000001D)
    __rt_lib_init_stdio_1                    0x08000203   Thumb Code     0  libinit2.o(.ARM.Collect$$libinit$$00000025)
    __rt_lib_init_user_alloc_1               0x08000203   Thumb Code     0  libinit2.o(.ARM.Collect$$libinit$$0000000C)
    __rt_lib_shutdown                        0x08000205   Thumb Code     0  libshutdown.o(.ARM.Collect$$libshutdown$$00000000)
    __rt_lib_shutdown_cpp_1                  0x08000207   Thumb Code     0  libshutdown2.o(.ARM.Collect$$libshutdown$$00000002)
    __rt_lib_shutdown_fp_trap_1              0x08000207   Thumb Code     0  libshutdown2.o(.ARM.Collect$$libshutdown$$00000007)
    __rt_lib_shutdown_heap_1                 0x08000207   Thumb Code     0  libshutdown2.o(.ARM.Collect$$libshutdown$$0000000F)
    __rt_lib_shutdown_return                 0x08000207   Thumb Code     0  libshutdown2.o(.ARM.Collect$$libshutdown$$00000010)
    __rt_lib_shutdown_signal_1               0x08000207   Thumb Code     0  libshutdown2.o(.ARM.Collect$$libshutdown$$0000000A)
    __rt_lib_shutdown_stdio_1                0x08000207   Thumb Code     0  libshutdown2.o(.ARM.Collect$$libshutdown$$00000004)
    __rt_lib_shutdown_user_alloc_1           0x08000207   Thumb Code     0  libshutdown2.o(.ARM.Collect$$libshutdown$$0000000C)
    __rt_entry                               0x08000209   Thumb Code     0  __rtentry.o(.ARM.Collect$$rtentry$$00000000)
    __rt_entry_presh_1                       0x08000209   Thumb Code     0  __rtentry2.o(.ARM.Collect$$rtentry$$00000002)
    __rt_entry_sh                            0x08000209   Thumb Code     0  __rtentry4.o(.ARM.Collect$$rtentry$$00000004)
    __rt_entry_li                            0x0800020f   Thumb Code     0  __rtentry2.o(.ARM.Collect$$rtentry$$0000000A)
    __rt_entry_postsh_1                      0x0800020f   Thumb Code     0  __rtentry2.o(.ARM.Collect$$rtentry$$00000009)
    __rt_entry_main                          0x08000213   Thumb Code     0  __rtentry2.o(.ARM.Collect$$rtentry$$0000000D)
    __rt_entry_postli_1                      0x08000213   Thumb Code     0  __rtentry2.o(.ARM.Collect$$rtentry$$0000000C)
    __rt_exit                                0x0800021b   Thumb Code     0  rtexit.o(.ARM.Collect$$rtexit$$00000000)
    __rt_exit_ls                             0x0800021d   Thumb Code     0  rtexit2.o(.ARM.Collect$$rtexit$$00000003)
    __rt_exit_prels_1                        0x0800021d   Thumb Code     0  rtexit2.o(.ARM.Collect$$rtexit$$00000002)
    __rt_exit_exit                           0x08000221   Thumb Code     0  rtexit2.o(.ARM.Collect$$rtexit$$00000004)
    Reset_Handler                            0x08000229   Thumb Code     8  startup_stm32f40_41xxx.o(.text)
    ADC_IRQHandler                           0x08000243   Thumb Code     0  startup_stm32f40_41xxx.o(.text)
    CAN1_RX0_IRQHandler                      0x08000243   Thumb Code     0  startup_stm32f40_41xxx.o(.text)
    CAN1_RX1_IRQHandler                      0x08000243   Thumb Code     0  startup_stm32f40_41xxx.o(.text)
    CAN1_SCE_IRQHandler                      0x08000243   Thumb Code     0  startup_stm32f40_41xxx.o(.text)
    CAN1_TX_IRQHandler                       0x08000243   Thumb Code     0  startup_stm32f40_41xxx.o(.text)
    CAN2_RX0_IRQHandler                      0x08000243   Thumb Code     0  startup_stm32f40_41xxx.o(.text)
    CAN2_RX1_IRQHandler                      0x08000243   Thumb Code     0  startup_stm32f40_41xxx.o(.text)
    CAN2_SCE_IRQHandler                      0x08000243   Thumb Code     0  startup_stm32f40_41xxx.o(.text)
    CAN2_TX_IRQHandler                       0x08000243   Thumb Code     0  startup_stm32f40_41xxx.o(.text)
    CRYP_IRQHandler                          0x08000243   Thumb Code     0  startup_stm32f40_41xxx.o(.text)
    DCMI_IRQHandler                          0x08000243   Thumb Code     0  startup_stm32f40_41xxx.o(.text)
    DMA1_Stream0_IRQHandler                  0x08000243   Thumb Code     0  startup_stm32f40_41xxx.o(.text)
    DMA1_Stream1_IRQHandler                  0x08000243   Thumb Code     0  startup_stm32f40_41xxx.o(.text)
    DMA1_Stream2_IRQHandler                  0x08000243   Thumb Code     0  startup_stm32f40_41xxx.o(.text)
    DMA1_Stream3_IRQHandler                  0x08000243   Thumb Code     0  startup_stm32f40_41xxx.o(.text)
    DMA1_Stream4_IRQHandler                  0x08000243   Thumb Code     0  startup_stm32f40_41xxx.o(.text)
    DMA1_Stream5_IRQHandler                  0x08000243   Thumb Code     0  startup_stm32f40_41xxx.o(.text)
    DMA1_Stream6_IRQHandler                  0x08000243   Thumb Code     0  startup_stm32f40_41xxx.o(.text)
    DMA1_Stream7_IRQHandler                  0x08000243   Thumb Code     0  startup_stm32f40_41xxx.o(.text)
    DMA2_Stream0_IRQHandler                  0x08000243   Thumb Code     0  startup_stm32f40_41xxx.o(.text)
    DMA2_Stream1_IRQHandler                  0x08000243   Thumb Code     0  startup_stm32f40_41xxx.o(.text)
    DMA2_Stream2_IRQHandler                  0x08000243   Thumb Code     0  startup_stm32f40_41xxx.o(.text)
    DMA2_Stream3_IRQHandler                  0x08000243   Thumb Code     0  startup_stm32f40_41xxx.o(.text)
    DMA2_Stream4_IRQHandler                  0x08000243   Thumb Code     0  startup_stm32f40_41xxx.o(.text)
    DMA2_Stream5_IRQHandler                  0x08000243   Thumb Code     0  startup_stm32f40_41xxx.o(.text)
    DMA2_Stream6_IRQHandler                  0x08000243   Thumb Code     0  startup_stm32f40_41xxx.o(.text)
    DMA2_Stream7_IRQHandler                  0x08000243   Thumb Code     0  startup_stm32f40_41xxx.o(.text)
    ETH_IRQHandler                           0x08000243   Thumb Code     0  startup_stm32f40_41xxx.o(.text)
    ETH_WKUP_IRQHandler                      0x08000243   Thumb Code     0  startup_stm32f40_41xxx.o(.text)
    EXTI0_IRQHandler                         0x08000243   Thumb Code     0  startup_stm32f40_41xxx.o(.text)
    EXTI15_10_IRQHandler                     0x08000243   Thumb Code     0  startup_stm32f40_41xxx.o(.text)
    EXTI1_IRQHandler                         0x08000243   Thumb Code     0  startup_stm32f40_41xxx.o(.text)
    EXTI2_IRQHandler                         0x08000243   Thumb Code     0  startup_stm32f40_41xxx.o(.text)
    EXTI3_IRQHandler                         0x08000243   Thumb Code     0  startup_stm32f40_41xxx.o(.text)
    EXTI4_IRQHandler                         0x08000243   Thumb Code     0  startup_stm32f40_41xxx.o(.text)
    EXTI9_5_IRQHandler                       0x08000243   Thumb Code     0  startup_stm32f40_41xxx.o(.text)
    FLASH_IRQHandler                         0x08000243   Thumb Code     0  startup_stm32f40_41xxx.o(.text)
    FPU_IRQHandler                           0x08000243   Thumb Code     0  startup_stm32f40_41xxx.o(.text)
    FSMC_IRQHandler                          0x08000243   Thumb Code     0  startup_stm32f40_41xxx.o(.text)
    HASH_RNG_IRQHandler                      0x08000243   Thumb Code     0  startup_stm32f40_41xxx.o(.text)
    I2C1_ER_IRQHandler                       0x08000243   Thumb Code     0  startup_stm32f40_41xxx.o(.text)
    I2C1_EV_IRQHandler                       0x08000243   Thumb Code     0  startup_stm32f40_41xxx.o(.text)
    I2C2_ER_IRQHandler                       0x08000243   Thumb Code     0  startup_stm32f40_41xxx.o(.text)
    I2C2_EV_IRQHandler                       0x08000243   Thumb Code     0  startup_stm32f40_41xxx.o(.text)
    I2C3_ER_IRQHandler                       0x08000243   Thumb Code     0  startup_stm32f40_41xxx.o(.text)
    I2C3_EV_IRQHandler                       0x08000243   Thumb Code     0  startup_stm32f40_41xxx.o(.text)
    OTG_FS_IRQHandler                        0x08000243   Thumb Code     0  startup_stm32f40_41xxx.o(.text)
    OTG_FS_WKUP_IRQHandler                   0x08000243   Thumb Code     0  startup_stm32f40_41xxx.o(.text)
    OTG_HS_EP1_IN_IRQHandler                 0x08000243   Thumb Code     0  startup_stm32f40_41xxx.o(.text)
    OTG_HS_EP1_OUT_IRQHandler                0x08000243   Thumb Code     0  startup_stm32f40_41xxx.o(.text)
    OTG_HS_IRQHandler                        0x08000243   Thumb Code     0  startup_stm32f40_41xxx.o(.text)
    OTG_HS_WKUP_IRQHandler                   0x08000243   Thumb Code     0  startup_stm32f40_41xxx.o(.text)
    PVD_IRQHandler                           0x08000243   Thumb Code     0  startup_stm32f40_41xxx.o(.text)
    RCC_IRQHandler                           0x08000243   Thumb Code     0  startup_stm32f40_41xxx.o(.text)
    RTC_Alarm_IRQHandler                     0x08000243   Thumb Code     0  startup_stm32f40_41xxx.o(.text)
    RTC_WKUP_IRQHandler                      0x08000243   Thumb Code     0  startup_stm32f40_41xxx.o(.text)
    SDIO_IRQHandler                          0x08000243   Thumb Code     0  startup_stm32f40_41xxx.o(.text)
    SPI1_IRQHandler                          0x08000243   Thumb Code     0  startup_stm32f40_41xxx.o(.text)
    SPI2_IRQHandler                          0x08000243   Thumb Code     0  startup_stm32f40_41xxx.o(.text)
    SPI3_IRQHandler                          0x08000243   Thumb Code     0  startup_stm32f40_41xxx.o(.text)
    TAMP_STAMP_IRQHandler                    0x08000243   Thumb Code     0  startup_stm32f40_41xxx.o(.text)
    TIM1_BRK_TIM9_IRQHandler                 0x08000243   Thumb Code     0  startup_stm32f40_41xxx.o(.text)
    TIM1_CC_IRQHandler                       0x08000243   Thumb Code     0  startup_stm32f40_41xxx.o(.text)
    TIM1_TRG_COM_TIM11_IRQHandler            0x08000243   Thumb Code     0  startup_stm32f40_41xxx.o(.text)
    TIM1_UP_TIM10_IRQHandler                 0x08000243   Thumb Code     0  startup_stm32f40_41xxx.o(.text)
    TIM2_IRQHandler                          0x08000243   Thumb Code     0  startup_stm32f40_41xxx.o(.text)
    TIM3_IRQHandler                          0x08000243   Thumb Code     0  startup_stm32f40_41xxx.o(.text)
    TIM4_IRQHandler                          0x08000243   Thumb Code     0  startup_stm32f40_41xxx.o(.text)
    TIM5_IRQHandler                          0x08000243   Thumb Code     0  startup_stm32f40_41xxx.o(.text)
    TIM6_DAC_IRQHandler                      0x08000243   Thumb Code     0  startup_stm32f40_41xxx.o(.text)
    TIM7_IRQHandler                          0x08000243   Thumb Code     0  startup_stm32f40_41xxx.o(.text)
    TIM8_BRK_TIM12_IRQHandler                0x08000243   Thumb Code     0  startup_stm32f40_41xxx.o(.text)
    TIM8_CC_IRQHandler                       0x08000243   Thumb Code     0  startup_stm32f40_41xxx.o(.text)
    TIM8_TRG_COM_TIM14_IRQHandler            0x08000243   Thumb Code     0  startup_stm32f40_41xxx.o(.text)
    TIM8_UP_TIM13_IRQHandler                 0x08000243   Thumb Code     0  startup_stm32f40_41xxx.o(.text)
    UART4_IRQHandler                         0x08000243   Thumb Code     0  startup_stm32f40_41xxx.o(.text)
    UART5_IRQHandler                         0x08000243   Thumb Code     0  startup_stm32f40_41xxx.o(.text)
    USART2_IRQHandler                        0x08000243   Thumb Code     0  startup_stm32f40_41xxx.o(.text)
    USART3_IRQHandler                        0x08000243   Thumb Code     0  startup_stm32f40_41xxx.o(.text)
    USART6_IRQHandler                        0x08000243   Thumb Code     0  startup_stm32f40_41xxx.o(.text)
    WWDG_IRQHandler                          0x08000243   Thumb Code     0  startup_stm32f40_41xxx.o(.text)
    __user_initial_stackheap                 0x08000245   Thumb Code     0  startup_stm32f40_41xxx.o(.text)
    __use_no_semihosting                     0x08000269   Thumb Code     2  use_no_semi_2.o(.text)
    __aeabi_memcpy                           0x0800026b   Thumb Code     0  rt_memcpy_v6.o(.text)
    __rt_memcpy                              0x0800026b   Thumb Code   138  rt_memcpy_v6.o(.text)
    _memcpy_lastbytes                        0x080002d1   Thumb Code     0  rt_memcpy_v6.o(.text)
    __aeabi_memmove                          0x080002f5   Thumb Code     0  rt_memmove_v6.o(.text)
    __rt_memmove                             0x080002f5   Thumb Code   132  rt_memmove_v6.o(.text)
    __memmove_lastfew                        0x08000355   Thumb Code     0  rt_memmove_v6.o(.text)
    __aeabi_memcpy4                          0x08000379   Thumb Code     0  rt_memcpy_w.o(.text)
    __aeabi_memcpy8                          0x08000379   Thumb Code     0  rt_memcpy_w.o(.text)
    __rt_memcpy_w                            0x08000379   Thumb Code   100  rt_memcpy_w.o(.text)
    _memcpy_lastbytes_aligned                0x080003c1   Thumb Code     0  rt_memcpy_w.o(.text)
    __aeabi_memclr                           0x080003dd   Thumb Code     0  rt_memclr.o(.text)
    __rt_memclr                              0x080003dd   Thumb Code    68  rt_memclr.o(.text)
    _memset                                  0x080003e1   Thumb Code     0  rt_memclr.o(.text)
    __use_two_region_memory                  0x08000421   Thumb Code     2  heapauxi.o(.text)
    __rt_heap_escrow$2region                 0x08000423   Thumb Code     2  heapauxi.o(.text)
    __rt_heap_expand$2region                 0x08000425   Thumb Code     2  heapauxi.o(.text)
    __I$use$semihosting                      0x08000427   Thumb Code     0  use_no_semi.o(.text)
    __use_no_semihosting_swi                 0x08000427   Thumb Code     2  use_no_semi.o(.text)
    __aeabi_memmove4                         0x08000429   Thumb Code     0  rt_memmove_w.o(.text)
    __aeabi_memmove8                         0x08000429   Thumb Code     0  rt_memmove_w.o(.text)
    __rt_memmove_w                           0x08000429   Thumb Code   122  rt_memmove_w.o(.text)
    __memmove_aligned                        0x0800044f   Thumb Code     0  rt_memmove_w.o(.text)
    __memmove_lastfew_aligned                0x08000487   Thumb Code     0  rt_memmove_w.o(.text)
    __aeabi_memclr4                          0x080004a3   Thumb Code     0  rt_memclr_w.o(.text)
    __aeabi_memclr8                          0x080004a3   Thumb Code     0  rt_memclr_w.o(.text)
    __rt_memclr_w                            0x080004a3   Thumb Code    78  rt_memclr_w.o(.text)
    _memset_w                                0x080004a7   Thumb Code     0  rt_memclr_w.o(.text)
    __user_setup_stackheap                   0x080004f1   Thumb Code    74  sys_stackheap_outer.o(.text)
    exit                                     0x0800053b   Thumb Code    18  exit.o(.text)
    __user_libspace                          0x0800054d   Thumb Code     8  libspace.o(.text)
    __user_perproc_libspace                  0x0800054d   Thumb Code     0  libspace.o(.text)
    __user_perthread_libspace                0x0800054d   Thumb Code     0  libspace.o(.text)
    BusFault_Handler                         0x08000555   Thumb Code     4  stm32f4xx_it.o(i.BusFault_Handler)
    DebugMon_Handler                         0x08000559   Thumb Code     2  stm32f4xx_it.o(i.DebugMon_Handler)
    GPIO_Init                                0x0800055b   Thumb Code   144  stm32f4xx_gpio.o(i.GPIO_Init)
    GPIO_PinAFConfig                         0x080005eb   Thumb Code    70  stm32f4xx_gpio.o(i.GPIO_PinAFConfig)
    GPIO_ReadInputDataBit                    0x08000631   Thumb Code    18  stm32f4xx_gpio.o(i.GPIO_ReadInputDataBit)
    GPIO_ResetBits                           0x08000643   Thumb Code     4  stm32f4xx_gpio.o(i.GPIO_ResetBits)
    GPIO_SetBits                             0x08000647   Thumb Code     4  stm32f4xx_gpio.o(i.GPIO_SetBits)
    HardFault_Handler                        0x0800064b   Thumb Code     4  stm32f4xx_it.o(i.HardFault_Handler)
    KEY_Init                                 0x08000651   Thumb Code    60  key.o(i.KEY_Init)
    KEY_Scan                                 0x08000695   Thumb Code   114  key.o(i.KEY_Scan)
    LED_Init                                 0x08000715   Thumb Code    60  led.o(i.LED_Init)
    MemManage_Handler                        0x08000755   Thumb Code     4  stm32f4xx_it.o(i.MemManage_Handler)
    NMI_Handler                              0x08000759   Thumb Code     2  stm32f4xx_it.o(i.NMI_Handler)
    NVIC_Init                                0x0800075d   Thumb Code   106  misc.o(i.NVIC_Init)
    NVIC_PriorityGroupConfig                 0x080007d5   Thumb Code    10  misc.o(i.NVIC_PriorityGroupConfig)
    OLED_Clear                               0x080007e9   Thumb Code    62  oled.o(i.OLED_Clear)
    OLED_IIC_Delay                           0x08000827   Thumb Code    26  oled.o(i.OLED_IIC_Delay)
    OLED_IIC_Start                           0x08000841   Thumb Code    56  oled.o(i.OLED_IIC_Start)
    OLED_IIC_Stop                            0x0800087d   Thumb Code    56  oled.o(i.OLED_IIC_Stop)
    OLED_IIC_Wait_Ack                        0x080008b9   Thumb Code   124  oled.o(i.OLED_IIC_Wait_Ack)
    OLED_Init                                0x08000939   Thumb Code   312  oled.o(i.OLED_Init)
    OLED_WR_Byte                             0x08000a75   Thumb Code    24  oled.o(i.OLED_WR_Byte)
    OLED_Write_IIC_Byte                      0x08000a8d   Thumb Code    92  oled.o(i.OLED_Write_IIC_Byte)
    OLED_Write_IIC_Command                   0x08000aed   Thumb Code    44  oled.o(i.OLED_Write_IIC_Command)
    OLED_Write_IIC_Data                      0x08000b19   Thumb Code    44  oled.o(i.OLED_Write_IIC_Data)
    PendSV_Handler                           0x08000b45   Thumb Code     2  stm32f4xx_it.o(i.PendSV_Handler)
    RCC_AHB1PeriphClockCmd                   0x08000b49   Thumb Code    26  stm32f4xx_rcc.o(i.RCC_AHB1PeriphClockCmd)
    RCC_APB2PeriphClockCmd                   0x08000b69   Thumb Code    26  stm32f4xx_rcc.o(i.RCC_APB2PeriphClockCmd)
    RCC_GetClocksFreq                        0x08000b89   Thumb Code   214  stm32f4xx_rcc.o(i.RCC_GetClocksFreq)
    SVC_Handler                              0x08000c71   Thumb Code     2  stm32f4xx_it.o(i.SVC_Handler)
    SysTick_CLKSourceConfig                  0x08000d61   Thumb Code    40  misc.o(i.SysTick_CLKSourceConfig)
    SysTick_Handler                          0x08000d89   Thumb Code     2  stm32f4xx_it.o(i.SysTick_Handler)
    SystemInit                               0x08000d8d   Thumb Code    88  system_stm32f4xx.o(i.SystemInit)
    USART1_IRQHandler                        0x08000df5   Thumb Code    86  usart.o(i.USART1_IRQHandler)
    USART_ClearFlag                          0x08000e5d   Thumb Code    18  stm32f4xx_usart.o(i.USART_ClearFlag)
    USART_ClearITPendingBit                  0x08000e6f   Thumb Code    30  stm32f4xx_usart.o(i.USART_ClearITPendingBit)
    USART_Cmd                                0x08000e8d   Thumb Code    24  stm32f4xx_usart.o(i.USART_Cmd)
    USART_GetFlagStatus                      0x08000ea5   Thumb Code    26  stm32f4xx_usart.o(i.USART_GetFlagStatus)
    USART_GetITStatus                        0x08000ebf   Thumb Code    84  stm32f4xx_usart.o(i.USART_GetITStatus)
    USART_ITConfig                           0x08000f13   Thumb Code    74  stm32f4xx_usart.o(i.USART_ITConfig)
    USART_Init                               0x08000f5d   Thumb Code   204  stm32f4xx_usart.o(i.USART_Init)
    USART_ReceiveData                        0x08001031   Thumb Code    10  stm32f4xx_usart.o(i.USART_ReceiveData)
    UsageFault_Handler                       0x0800103b   Thumb Code     4  stm32f4xx_it.o(i.UsageFault_Handler)
    _sys_exit                                0x0800103f   Thumb Code     4  usart.o(i._sys_exit)
    cmd_handler_init                         0x0800107d   Thumb Code    52  cmd_handler.o(i.cmd_handler_init)
    cmd_handler_poll                         0x080010c5   Thumb Code   124  cmd_handler.o(i.cmd_handler_poll)
    cmd_handler_send_feedback                0x08001149   Thumb Code    24  cmd_handler.o(i.cmd_handler_send_feedback)
    control_init                             0x08001165   Thumb Code     8  control.o(i.control_init)
    control_set_enable                       0x08001171   Thumb Code     6  control.o(i.control_set_enable)
    control_update                           0x0800117d   Thumb Code   190  control.o(i.control_update)
    crc16_modbus                             0x08001259   Thumb Code    58  protocol.o(i.crc16_modbus)
    delay_init                               0x08001295   Thumb Code    52  delay.o(i.delay_init)
    delay_ms                                 0x080012d1   Thumb Code    56  delay.o(i.delay_ms)
    delay_xms                                0x08001309   Thumb Code    72  delay.o(i.delay_xms)
    main                                     0x0800144d   Thumb Code   136  main.o(i.main)
    protocol_pack_ack                        0x080014d9   Thumb Code    24  protocol.o(i.protocol_pack_ack)
    protocol_pack_feedback                   0x080014f1   Thumb Code    36  protocol.o(i.protocol_pack_feedback)
    protocol_parse_cmd                       0x08001515   Thumb Code     6  protocol.o(i.protocol_parse_cmd)
    protocol_parse_data                      0x0800151b   Thumb Code    18  protocol.o(i.protocol_parse_data)
    protocol_verify                          0x0800152d   Thumb Code    74  protocol.o(i.protocol_verify)
    uart_init                                0x08001579   Thumb Code   166  usart.o(i.uart_init)
    uart_rx_count                            0x08001629   Thumb Code    16  usart.o(i.uart_rx_count)
    uart_rx_read                             0x08001641   Thumb Code    24  usart.o(i.uart_rx_read)
    uart_send_frame                          0x08001661   Thumb Code    38  usart.o(i.uart_send_frame)
    _fp_init                                 0x0800168d   Thumb Code    10  fpinit.o(x$fpl$fpinit)
    __fplib_config_fpu_vfp                   0x08001695   Thumb Code     0  fpinit.o(x$fpl$fpinit)
    __fplib_config_pureend_doubles           0x08001695   Thumb Code     0  fpinit.o(x$fpl$fpinit)
    Region$$Table$$Base                      0x08001698   Number         0  anon$$obj.o(Region$$Table)
    Region$$Table$$Limit                     0x080016b8   Number         0  anon$$obj.o(Region$$Table)
    __stdout                                 0x20000014   Data           4  usart.o(.data)
    system_stopped                           0x2000001c   Data           1  cmd_handler.o(.data)
    target_rotations                         0x20000224   Data          32  cmd_handler.o(.bss)
    encoder_rotations                        0x20000244   Data          32  cmd_handler.o(.bss)
    __libspace_start                         0x200002b4   Data          96  libspace.o(.bss)
    __temporary_stack_top$libspace           0x20000314   Data           0  libspace.o(.bss)



==============================================================================

Memory Map of the image

  Image Entry point : 0x08000189

  Load Region LR_IROM1 (Base: 0x08000000, Size: 0x000016dc, Max: 0x00100000, ABSOLUTE)

    Execution Region ER_IROM1 (Exec base: 0x08000000, Load base: 0x08000000, Size: 0x000016b8, Max: 0x00100000, ABSOLUTE)

    Exec Addr    Load Addr    Size         Type   Attr      Idx    E Section Name        Object

    0x08000000   0x08000000   0x00000188   Data   RO            3    RESET               startup_stm32f40_41xxx.o
    0x08000188   0x08000188   0x00000008   Code   RO         5836  * !!!main             c_w.l(__main.o)
    0x08000190   0x08000190   0x00000034   Code   RO         5995    !!!scatter          c_w.l(__scatter.o)
    0x080001c4   0x080001c4   0x0000001a   Code   RO         5997    !!handler_copy      c_w.l(__scatter_copy.o)
    0x080001de   0x080001de   0x00000002   PAD
    0x080001e0   0x080001e0   0x0000001c   Code   RO         5999    !!handler_zi        c_w.l(__scatter_zi.o)
    0x080001fc   0x080001fc   0x00000002   Code   RO         5869    .ARM.Collect$$libinit$$00000000  c_w.l(libinit.o)
    0x080001fe   0x080001fe   0x00000004   Code   RO         5875    .ARM.Collect$$libinit$$00000001  c_w.l(libinit2.o)
    0x08000202   0x08000202   0x00000000   Code   RO         5878    .ARM.Collect$$libinit$$00000004  c_w.l(libinit2.o)
    0x08000202   0x08000202   0x00000000   Code   RO         5881    .ARM.Collect$$libinit$$0000000A  c_w.l(libinit2.o)
    0x08000202   0x08000202   0x00000000   Code   RO         5883    .ARM.Collect$$libinit$$0000000C  c_w.l(libinit2.o)
    0x08000202   0x08000202   0x00000000   Code   RO         5885    .ARM.Collect$$libinit$$0000000E  c_w.l(libinit2.o)
    0x08000202   0x08000202   0x00000000   Code   RO         5888    .ARM.Collect$$libinit$$00000011  c_w.l(libinit2.o)
    0x08000202   0x08000202   0x00000000   Code   RO         5890    .ARM.Collect$$libinit$$00000013  c_w.l(libinit2.o)
    0x08000202   0x08000202   0x00000000   Code   RO         5892    .ARM.Collect$$libinit$$00000015  c_w.l(libinit2.o)
    0x08000202   0x08000202   0x00000000   Code   RO         5894    .ARM.Collect$$libinit$$00000017  c_w.l(libinit2.o)
    0x08000202   0x08000202   0x00000000   Code   RO         5896    .ARM.Collect$$libinit$$00000019  c_w.l(libinit2.o)
    0x08000202   0x08000202   0x00000000   Code   RO         5898    .ARM.Collect$$libinit$$0000001B  c_w.l(libinit2.o)
    0x08000202   0x08000202   0x00000000   Code   RO         5900    .ARM.Collect$$libinit$$0000001D  c_w.l(libinit2.o)
    0x08000202   0x08000202   0x00000000   Code   RO         5902    .ARM.Collect$$libinit$$0000001F  c_w.l(libinit2.o)
    0x08000202   0x08000202   0x00000000   Code   RO         5904    .ARM.Collect$$libinit$$00000021  c_w.l(libinit2.o)
    0x08000202   0x08000202   0x00000000   Code   RO         5906    .ARM.Collect$$libinit$$00000023  c_w.l(libinit2.o)
    0x08000202   0x08000202   0x00000000   Code   RO         5908    .ARM.Collect$$libinit$$00000025  c_w.l(libinit2.o)
    0x08000202   0x08000202   0x00000000   Code   RO         5912    .ARM.Collect$$libinit$$0000002C  c_w.l(libinit2.o)
    0x08000202   0x08000202   0x00000000   Code   RO         5914    .ARM.Collect$$libinit$$0000002E  c_w.l(libinit2.o)
    0x08000202   0x08000202   0x00000000   Code   RO         5916    .ARM.Collect$$libinit$$00000030  c_w.l(libinit2.o)
    0x08000202   0x08000202   0x00000000   Code   RO         5918    .ARM.Collect$$libinit$$00000032  c_w.l(libinit2.o)
    0x08000202   0x08000202   0x00000002   Code   RO         5919    .ARM.Collect$$libinit$$00000033  c_w.l(libinit2.o)
    0x08000204   0x08000204   0x00000002   Code   RO         5937    .ARM.Collect$$libshutdown$$00000000  c_w.l(libshutdown.o)
    0x08000206   0x08000206   0x00000000   Code   RO         5947    .ARM.Collect$$libshutdown$$00000002  c_w.l(libshutdown2.o)
    0x08000206   0x08000206   0x00000000   Code   RO         5949    .ARM.Collect$$libshutdown$$00000004  c_w.l(libshutdown2.o)
    0x08000206   0x08000206   0x00000000   Code   RO         5952    .ARM.Collect$$libshutdown$$00000007  c_w.l(libshutdown2.o)
    0x08000206   0x08000206   0x00000000   Code   RO         5955    .ARM.Collect$$libshutdown$$0000000A  c_w.l(libshutdown2.o)
    0x08000206   0x08000206   0x00000000   Code   RO         5957    .ARM.Collect$$libshutdown$$0000000C  c_w.l(libshutdown2.o)
    0x08000206   0x08000206   0x00000000   Code   RO         5960    .ARM.Collect$$libshutdown$$0000000F  c_w.l(libshutdown2.o)
    0x08000206   0x08000206   0x00000002   Code   RO         5961    .ARM.Collect$$libshutdown$$00000010  c_w.l(libshutdown2.o)
    0x08000208   0x08000208   0x00000000   Code   RO         5840    .ARM.Collect$$rtentry$$00000000  c_w.l(__rtentry.o)
    0x08000208   0x08000208   0x00000000   Code   RO         5846    .ARM.Collect$$rtentry$$00000002  c_w.l(__rtentry2.o)
    0x08000208   0x08000208   0x00000006   Code   RO         5858    .ARM.Collect$$rtentry$$00000004  c_w.l(__rtentry4.o)
    0x0800020e   0x0800020e   0x00000000   Code   RO         5848    .ARM.Collect$$rtentry$$00000009  c_w.l(__rtentry2.o)
    0x0800020e   0x0800020e   0x00000004   Code   RO         5849    .ARM.Collect$$rtentry$$0000000A  c_w.l(__rtentry2.o)
    0x08000212   0x08000212   0x00000000   Code   RO         5851    .ARM.Collect$$rtentry$$0000000C  c_w.l(__rtentry2.o)
    0x08000212   0x08000212   0x00000008   Code   RO         5852    .ARM.Collect$$rtentry$$0000000D  c_w.l(__rtentry2.o)
    0x0800021a   0x0800021a   0x00000002   Code   RO         5873    .ARM.Collect$$rtexit$$00000000  c_w.l(rtexit.o)
    0x0800021c   0x0800021c   0x00000000   Code   RO         5921    .ARM.Collect$$rtexit$$00000002  c_w.l(rtexit2.o)
    0x0800021c   0x0800021c   0x00000004   Code   RO         5922    .ARM.Collect$$rtexit$$00000003  c_w.l(rtexit2.o)
    0x08000220   0x08000220   0x00000006   Code   RO         5923    .ARM.Collect$$rtexit$$00000004  c_w.l(rtexit2.o)
    0x08000226   0x08000226   0x00000002   PAD
    0x08000228   0x08000228   0x00000040   Code   RO            4    .text               startup_stm32f40_41xxx.o
    0x08000268   0x08000268   0x00000002   Code   RO         5824    .text               c_w.l(use_no_semi_2.o)
    0x0800026a   0x0800026a   0x0000008a   Code   RO         5826    .text               c_w.l(rt_memcpy_v6.o)
    0x080002f4   0x080002f4   0x00000084   Code   RO         5828    .text               c_w.l(rt_memmove_v6.o)
    0x08000378   0x08000378   0x00000064   Code   RO         5830    .text               c_w.l(rt_memcpy_w.o)
    0x080003dc   0x080003dc   0x00000044   Code   RO         5832    .text               c_w.l(rt_memclr.o)
    0x08000420   0x08000420   0x00000006   Code   RO         5834    .text               c_w.l(heapauxi.o)
    0x08000426   0x08000426   0x00000002   Code   RO         5838    .text               c_w.l(use_no_semi.o)
    0x08000428   0x08000428   0x0000007a   Code   RO         5841    .text               c_w.l(rt_memmove_w.o)
    0x080004a2   0x080004a2   0x0000004e   Code   RO         5843    .text               c_w.l(rt_memclr_w.o)
    0x080004f0   0x080004f0   0x0000004a   Code   RO         5860    .text               c_w.l(sys_stackheap_outer.o)
    0x0800053a   0x0800053a   0x00000012   Code   RO         5862    .text               c_w.l(exit.o)
    0x0800054c   0x0800054c   0x00000008   Code   RO         5870    .text               c_w.l(libspace.o)
    0x08000554   0x08000554   0x00000004   Code   RO          171    i.BusFault_Handler  stm32f4xx_it.o
    0x08000558   0x08000558   0x00000002   Code   RO          172    i.DebugMon_Handler  stm32f4xx_it.o
    0x0800055a   0x0800055a   0x00000090   Code   RO         2188    i.GPIO_Init         stm32f4xx_gpio.o
    0x080005ea   0x080005ea   0x00000046   Code   RO         2189    i.GPIO_PinAFConfig  stm32f4xx_gpio.o
    0x08000630   0x08000630   0x00000012   Code   RO         2192    i.GPIO_ReadInputDataBit  stm32f4xx_gpio.o
    0x08000642   0x08000642   0x00000004   Code   RO         2195    i.GPIO_ResetBits    stm32f4xx_gpio.o
    0x08000646   0x08000646   0x00000004   Code   RO         2196    i.GPIO_SetBits      stm32f4xx_gpio.o
    0x0800064a   0x0800064a   0x00000004   Code   RO          173    i.HardFault_Handler  stm32f4xx_it.o
    0x0800064e   0x0800064e   0x00000002   PAD
    0x08000650   0x08000650   0x00000044   Code   RO         5640    i.KEY_Init          key.o
    0x08000694   0x08000694   0x00000080   Code   RO         5641    i.KEY_Scan          key.o
    0x08000714   0x08000714   0x00000040   Code   RO         5616    i.LED_Init          led.o
    0x08000754   0x08000754   0x00000004   Code   RO          174    i.MemManage_Handler  stm32f4xx_it.o
    0x08000758   0x08000758   0x00000002   Code   RO          175    i.NMI_Handler       stm32f4xx_it.o
    0x0800075a   0x0800075a   0x00000002   PAD
    0x0800075c   0x0800075c   0x00000078   Code   RO          313    i.NVIC_Init         misc.o
    0x080007d4   0x080007d4   0x00000014   Code   RO          314    i.NVIC_PriorityGroupConfig  misc.o
    0x080007e8   0x080007e8   0x0000003e   Code   RO         5671    i.OLED_Clear        oled.o
    0x08000826   0x08000826   0x0000001a   Code   RO         5675    i.OLED_IIC_Delay    oled.o
    0x08000840   0x08000840   0x0000003c   Code   RO         5676    i.OLED_IIC_Start    oled.o
    0x0800087c   0x0800087c   0x0000003c   Code   RO         5677    i.OLED_IIC_Stop     oled.o
    0x080008b8   0x080008b8   0x00000080   Code   RO         5678    i.OLED_IIC_Wait_Ack  oled.o
    0x08000938   0x08000938   0x0000013c   Code   RO         5679    i.OLED_Init         oled.o
    0x08000a74   0x08000a74   0x00000018   Code   RO         5686    i.OLED_WR_Byte      oled.o
    0x08000a8c   0x08000a8c   0x00000060   Code   RO         5687    i.OLED_Write_IIC_Byte  oled.o
    0x08000aec   0x08000aec   0x0000002c   Code   RO         5688    i.OLED_Write_IIC_Command  oled.o
    0x08000b18   0x08000b18   0x0000002c   Code   RO         5689    i.OLED_Write_IIC_Data  oled.o
    0x08000b44   0x08000b44   0x00000002   Code   RO          176    i.PendSV_Handler    stm32f4xx_it.o
    0x08000b46   0x08000b46   0x00000002   PAD
    0x08000b48   0x08000b48   0x00000020   Code   RO         3114    i.RCC_AHB1PeriphClockCmd  stm32f4xx_rcc.o
    0x08000b68   0x08000b68   0x00000020   Code   RO         3126    i.RCC_APB2PeriphClockCmd  stm32f4xx_rcc.o
    0x08000b88   0x08000b88   0x000000e8   Code   RO         3135    i.RCC_GetClocksFreq  stm32f4xx_rcc.o
    0x08000c70   0x08000c70   0x00000002   Code   RO          177    i.SVC_Handler       stm32f4xx_it.o
    0x08000c72   0x08000c72   0x00000002   PAD
    0x08000c74   0x08000c74   0x000000ec   Code   RO          272    i.SetSysClock       system_stm32f4xx.o
    0x08000d60   0x08000d60   0x00000028   Code   RO          317    i.SysTick_CLKSourceConfig  misc.o
    0x08000d88   0x08000d88   0x00000002   Code   RO          178    i.SysTick_Handler   stm32f4xx_it.o
    0x08000d8a   0x08000d8a   0x00000002   PAD
    0x08000d8c   0x08000d8c   0x00000068   Code   RO          274    i.SystemInit        system_stm32f4xx.o
    0x08000df4   0x08000df4   0x00000068   Code   RO         5384    i.USART1_IRQHandler  usart.o
    0x08000e5c   0x08000e5c   0x00000012   Code   RO         5060    i.USART_ClearFlag   stm32f4xx_usart.o
    0x08000e6e   0x08000e6e   0x0000001e   Code   RO         5061    i.USART_ClearITPendingBit  stm32f4xx_usart.o
    0x08000e8c   0x08000e8c   0x00000018   Code   RO         5064    i.USART_Cmd         stm32f4xx_usart.o
    0x08000ea4   0x08000ea4   0x0000001a   Code   RO         5067    i.USART_GetFlagStatus  stm32f4xx_usart.o
    0x08000ebe   0x08000ebe   0x00000054   Code   RO         5068    i.USART_GetITStatus  stm32f4xx_usart.o
    0x08000f12   0x08000f12   0x0000004a   Code   RO         5070    i.USART_ITConfig    stm32f4xx_usart.o
    0x08000f5c   0x08000f5c   0x000000d4   Code   RO         5071    i.USART_Init        stm32f4xx_usart.o
    0x08001030   0x08001030   0x0000000a   Code   RO         5078    i.USART_ReceiveData  stm32f4xx_usart.o
    0x0800103a   0x0800103a   0x00000004   Code   RO          179    i.UsageFault_Handler  stm32f4xx_it.o
    0x0800103e   0x0800103e   0x00000004   Code   RO         5385    i._sys_exit         usart.o
    0x08001042   0x08001042   0x00000002   PAD
    0x08001044   0x08001044   0x00000038   Code   RO         5520    i.asm_discard       cmd_handler.o
    0x0800107c   0x0800107c   0x00000048   Code   RO         5521    i.cmd_handler_init  cmd_handler.o
    0x080010c4   0x080010c4   0x00000084   Code   RO         5522    i.cmd_handler_poll  cmd_handler.o
    0x08001148   0x08001148   0x0000001c   Code   RO         5523    i.cmd_handler_send_feedback  cmd_handler.o
    0x08001164   0x08001164   0x0000000c   Code   RO         5578    i.control_init      control.o
    0x08001170   0x08001170   0x0000000c   Code   RO         5579    i.control_set_enable  control.o
    0x0800117c   0x0800117c   0x000000dc   Code   RO         5580    i.control_update    control.o
    0x08001258   0x08001258   0x0000003a   Code   RO         5458    i.crc16_modbus      protocol.o
    0x08001292   0x08001292   0x00000002   PAD
    0x08001294   0x08001294   0x0000003c   Code   RO         5318    i.delay_init        delay.o
    0x080012d0   0x080012d0   0x00000038   Code   RO         5319    i.delay_ms          delay.o
    0x08001308   0x08001308   0x0000004c   Code   RO         5321    i.delay_xms         delay.o
    0x08001354   0x08001354   0x00000094   Code   RO         5524    i.dispatch_frame    cmd_handler.o
    0x080013e8   0x080013e8   0x00000038   Code   RO         5525    i.find_header       cmd_handler.o
    0x08001420   0x08001420   0x0000002a   Code   RO         5459    i.frame_finalize    protocol.o
    0x0800144a   0x0800144a   0x00000002   PAD
    0x0800144c   0x0800144c   0x0000008c   Code   RO           13    i.main              main.o
    0x080014d8   0x080014d8   0x00000018   Code   RO         5460    i.protocol_pack_ack  protocol.o
    0x080014f0   0x080014f0   0x00000024   Code   RO         5461    i.protocol_pack_feedback  protocol.o
    0x08001514   0x08001514   0x00000006   Code   RO         5462    i.protocol_parse_cmd  protocol.o
    0x0800151a   0x0800151a   0x00000012   Code   RO         5463    i.protocol_parse_data  protocol.o
    0x0800152c   0x0800152c   0x0000004a   Code   RO         5464    i.protocol_verify   protocol.o
    0x08001576   0x08001576   0x00000002   PAD
    0x08001578   0x08001578   0x000000b0   Code   RO         5387    i.uart_init         usart.o
    0x08001628   0x08001628   0x00000018   Code   RO         5388    i.uart_rx_count     usart.o
    0x08001640   0x08001640   0x00000020   Code   RO         5390    i.uart_rx_read      usart.o
    0x08001660   0x08001660   0x0000002c   Code   RO         5391    i.uart_send_frame   usart.o
    0x0800168c   0x0800168c   0x0000000a   Code   RO         5929    x$fpl$fpinit        fz_wm.l(fpinit.o)
    0x08001696   0x08001696   0x00000002   PAD
    0x08001698   0x08001698   0x00000020   Data   RO         5993    Region$$Table       anon$$obj.o


    Execution Region RW_IRAM1 (Exec base: 0x20000000, Load base: 0x080016b8, Size: 0x00000918, Max: 0x00020000, ABSOLUTE)

    Exec Addr    Load Addr    Size         Type   Attr      Idx    E Section Name        Object

    0x20000000   0x080016b8   0x00000010   Data   RW         3167    .data               stm32f4xx_rcc.o
    0x20000010   0x080016c8   0x00000004   Data   RW         5322    .data               delay.o
    0x20000014   0x080016cc   0x00000008   Data   RW         5393    .data               usart.o
    0x2000001c   0x080016d4   0x00000004   Data   RW         5527    .data               cmd_handler.o
    0x20000020   0x080016d8   0x00000001   Data   RW         5581    .data               control.o
    0x20000021   0x080016d9   0x00000001   Data   RW         5642    .data               key.o
    0x20000022   0x080016da   0x00000002   PAD
    0x20000024        -       0x00000200   Zero   RW         5392    .bss                usart.o
    0x20000224        -       0x0000008e   Zero   RW         5526    .bss                cmd_handler.o
    0x200002b2   0x080016da   0x00000002   PAD
    0x200002b4        -       0x00000060   Zero   RW         5871    .bss                c_w.l(libspace.o)
    0x20000314   0x080016da   0x00000004   PAD
    0x20000318        -       0x00000200   Zero   RW            2    HEAP                startup_stm32f40_41xxx.o
    0x20000518        -       0x00000400   Zero   RW            1    STACK               startup_stm32f40_41xxx.o


==============================================================================

Image component sizes


      Code (inc. data)   RO Data    RW Data    ZI Data      Debug   Object Name

       492         60          0          4        142       4746   cmd_handler.o
       244         40          0          1          0       2013   control.o
       192         12          0          4          0       2108   delay.o
       196         22          0          1          0       1290   key.o
        64          4          0          0          0        575   led.o
       140          4          0          0          0     272247   main.o
       180         24          0          0          0       2265   misc.o
       860         20          0          0          0       6459   oled.o
       258          0          0          0          0       5041   protocol.o
        64         26        392          0       1536        896   startup_stm32f40_41xxx.o
       240          0          0          0          0       3799   stm32f4xx_gpio.o
        26          0          0          0          0       4494   stm32f4xx_it.o
       296         30          0         16          0       4306   stm32f4xx_rcc.o
       478          8          0          0          0       6576   stm32f4xx_usart.o
       340         32          0          0          0       1621   system_stm32f4xx.o
       384         50          0          8        512       5611   usart.o

    ----------------------------------------------------------------------
      4472        332        424         36       2192     324047   Object Totals
         0          0         32          0          0          0   (incl. Generated)
        18          0          0          2          2          0   (incl. Padding)

    ----------------------------------------------------------------------

      Code (inc. data)   RO Data    RW Data    ZI Data      Debug   Library Member Name

         8          0          0          0          0         68   __main.o
         0          0          0          0          0          0   __rtentry.o
        12          0          0          0          0          0   __rtentry2.o
         6          0          0          0          0          0   __rtentry4.o
        52          8          0          0          0          0   __scatter.o
        26          0          0          0          0          0   __scatter_copy.o
        28          0          0          0          0          0   __scatter_zi.o
        18          0          0          0          0         80   exit.o
         6          0          0          0          0        152   heapauxi.o
         2          0          0          0          0          0   libinit.o
         6          0          0          0          0          0   libinit2.o
         2          0          0          0          0          0   libshutdown.o
         2          0          0          0          0          0   libshutdown2.o
         8          4          0          0         96         68   libspace.o
        68          0          0          0          0         68   rt_memclr.o
        78          0          0          0          0         80   rt_memclr_w.o
       138          0          0          0          0         68   rt_memcpy_v6.o
       100          0          0          0          0         80   rt_memcpy_w.o
       132          0          0          0          0         68   rt_memmove_v6.o
       122          0          0          0          0         80   rt_memmove_w.o
         2          0          0          0          0          0   rtexit.o
        10          0          0          0          0          0   rtexit2.o
        74          0          0          0          0         80   sys_stackheap_outer.o
         2          0          0          0          0         68   use_no_semi.o
         2          0          0          0          0         68   use_no_semi_2.o
        10          0          0          0          0        116   fpinit.o

    ----------------------------------------------------------------------
       920         12          0          0        100       1144   Library Totals
         6          0          0          0          4          0   (incl. Padding)

    ----------------------------------------------------------------------

      Code (inc. data)   RO Data    RW Data    ZI Data      Debug   Library Name

       904         12          0          0         96       1028   c_w.l
        10          0          0          0          0        116   fz_wm.l

    ----------------------------------------------------------------------
       920         12          0          0        100       1144   Library Totals

    ----------------------------------------------------------------------

==============================================================================


      Code (inc. data)   RO Data    RW Data    ZI Data      Debug   

      5392        344        424         36       2292     318623   Grand Totals
      5392        344        424         36       2292     318623   ELF Image Totals
      5392        344        424         36          0          0   ROM Totals

==============================================================================

    Total RO  Size (Code + RO Data)                 5816 (   5.68kB)
    Total RW  Size (RW Data + ZI Data)              2328 (   2.27kB)
    Total ROM Size (Code + RO Data + RW Data)       5852 (   5.71kB)

==============================================================================

